Component: ARM Compiler 5.06 (build 20) Tool: armlink [4d35a3]

==============================================================================

Section Cross References

    main.o(i.DMA1_Channel1_IRQHandler) refers to rt_cmsis.o(i.osSignalSet) for osSignalSet
    main.o(i.DMA1_Channel1_IRQHandler) refers to main.o(.data) for .data
    main.o(i.cal) refers to rt_cmsis.o(i.osMailGet) for osMailGet
    main.o(i.cal) refers to frlef.o(x$fpl$frleqf) for __aeabi_cfrcmple
    main.o(i.cal) refers to flef.o(x$fpl$fleqf) for __aeabi_cfcmple
    main.o(i.cal) refers to rt_cmsis.o(i.osMailFree) for osMailFree
    main.o(i.cal) refers to main.o(.bss) for .bss
    main.o(i.cal) refers to main.o(.data) for .data
    main.o(i.centroid) refers to rt_cmsis.o(i.osMailGet) for osMailGet
    main.o(i.centroid) refers to main.o(i.calibrate) for calibrate
    main.o(i.centroid) refers to fflti.o(.text) for __aeabi_ui2f
    main.o(i.centroid) refers to fmul.o(x$fpl$fmul) for __aeabi_fmul
    main.o(i.centroid) refers to faddsub.o(x$fpl$fadd) for __aeabi_fadd
    main.o(i.centroid) refers to rt_cmsis.o(i.osMailFree) for osMailFree
    main.o(i.centroid) refers to rt_cmsis.o(i.osMailAlloc) for osMailAlloc
    main.o(i.centroid) refers to fdiv.o(.text) for __aeabi_fdiv
    main.o(i.centroid) refers to faddsub.o(x$fpl$fsub) for __aeabi_fsub
    main.o(i.centroid) refers to rt_cmsis.o(i.osMailPut) for osMailPut
    main.o(i.centroid) refers to main.o(.data) for .data
    main.o(i.filter) refers to lowpass.o(i.LowPass_reset) for LowPass_reset
    main.o(i.filter) refers to rt_cmsis.o(i.osSignalWait) for osSignalWait
    main.o(i.filter) refers to fflti.o(.text) for __aeabi_ui2f
    main.o(i.filter) refers to arm_biquad_cascade_df1_f32.o(.text) for arm_biquad_cascade_df1_f32
    main.o(i.filter) refers to rt_cmsis.o(i.osMailAlloc) for osMailAlloc
    main.o(i.filter) refers to rt_cmsis.o(i.osMailPut) for osMailPut
    main.o(i.filter) refers to main.o(.bss) for .bss
    main.o(i.filter) refers to snippets.o(.bss) for ADC_array
    main.o(i.filter) refers to main.o(.data) for .data
    main.o(i.main) refers to rt_cmsis.o(i.osTimerCreate) for osTimerCreate
    main.o(i.main) refers to rt_cmsis.o(i.osKernelInitialize) for osKernelInitialize
    main.o(i.main) refers to snippets.o(i.SetSysClock) for SetSysClock
    main.o(i.main) refers to snippets.o(i.ConfigureGPIO) for ConfigureGPIO
    main.o(i.main) refers to snippets.o(i.SetClockForADC) for SetClockForADC
    main.o(i.main) refers to snippets.o(i.CalibrateADC) for CalibrateADC
    main.o(i.main) refers to snippets.o(i.ConfigureGPIOforADC) for ConfigureGPIOforADC
    main.o(i.main) refers to snippets.o(i.EnableADC) for EnableADC
    main.o(i.main) refers to snippets.o(i.ConfigureADC) for ConfigureADC
    main.o(i.main) refers to snippets.o(i.ConfigureDMA) for ConfigureDMA
    main.o(i.main) refers to snippets.o(i.ConfigureTIMsPWM) for ConfigureTIMsPWM
    main.o(i.main) refers to lowpass.o(i.LowPass_create) for LowPass_create
    main.o(i.main) refers to rt_cmsis.o(i.osThreadCreate) for osThreadCreate
    main.o(i.main) refers to rt_cmsis.o(i.osThreadGetId) for osThreadGetId
    main.o(i.main) refers to rt_cmsis.o(i.osMailCreate) for osMailCreate
    main.o(i.main) refers to rt_cmsis.o(i.osKernelStart) for osKernelStart
    main.o(i.main) refers to rt_cmsis.o(i.osThreadTerminate) for osThreadTerminate
    main.o(i.main) refers to main.o(.constdata) for .constdata
    main.o(i.main) refers to main.o(.data) for .data
    main.o(i.main) refers to main.o(.bss) for .bss
    main.o(i.mode) refers to rt_cmsis.o(i.osDelay) for osDelay
    main.o(i.mode) refers to rt_cmsis.o(i.osTimerStop) for osTimerStop
    main.o(i.mode) refers to rt_cmsis.o(i.osThreadTerminate) for osThreadTerminate
    main.o(i.mode) refers to main.o(i.openThreads) for openThreads
    main.o(i.mode) refers to main.o(.data) for .data
    main.o(i.pid) refers to rt_cmsis.o(i.osMailGet) for osMailGet
    main.o(i.pid) refers to fmul.o(x$fpl$fmul) for __aeabi_fmul
    main.o(i.pid) refers to faddsub.o(x$fpl$fadd) for __aeabi_fadd
    main.o(i.pid) refers to faddsub.o(x$fpl$fsub) for __aeabi_fsub
    main.o(i.pid) refers to fdiv.o(.text) for __aeabi_fdiv
    main.o(i.pid) refers to ffixi.o(.text) for __aeabi_f2iz
    main.o(i.pid) refers to main.o(i.setMotorPWM) for setMotorPWM
    main.o(i.pid) refers to rt_cmsis.o(i.osMailFree) for osMailFree
    main.o(i.pid) refers to main.o(.data) for .data
    main.o(.constdata) refers to main.o(i.adc) for adc
    main.o(.constdata) refers to main.o(.bss) for os_timer_cb_adc
    main.o(.constdata) refers to main.o(i.mode) for mode
    main.o(.constdata) refers to main.o(i.cal) for cal
    main.o(.constdata) refers to main.o(i.filter) for filter
    main.o(.constdata) refers to main.o(i.centroid) for centroid
    main.o(.constdata) refers to main.o(i.pid) for pid
    main.o(.constdata) refers to main.o(.data) for os_mailQ_p_filter_mailQ
[...]
    i.SetSysClock                            0x08001068   Section        0  snippets.o(i.SetSysClock)
    i.SystemInit                             0x080010cc   Section        0  system_stm32f0xx.o(i.SystemInit)
    i.__ARM_common_ll_muluu                  0x08001128   Section        0  rt_cmsis.o(i.__ARM_common_ll_muluu)
    i.__NVIC_EnableIRQ                       0x08001158   Section        0  snippets.o(i.__NVIC_EnableIRQ)
    __NVIC_EnableIRQ                         0x08001159   Thumb Code    18  snippets.o(i.__NVIC_EnableIRQ)
    i.__NVIC_SetPriority                     0x08001170   Section        0  snippets.o(i.__NVIC_SetPriority)
    __NVIC_SetPriority                       0x08001171   Thumb Code    60  snippets.o(i.__NVIC_SetPriority)
    i._init_box                              0x080011b4   Section        0  rt_membox.o(i._init_box)
    i._mutex_acquire                         0x080011fc   Section        0  rtx_conf_cm.o(i._mutex_acquire)
    __tagsym$$used                           0x080011fd   Number         0  rtx_conf_cm.o(i._mutex_acquire)
    i._mutex_initialize                      0x08001220   Section        0  rtx_conf_cm.o(i._mutex_initialize)
    i._mutex_release                         0x0800124c   Section        0  rtx_conf_cm.o(i._mutex_release)
    __tagsym$$used                           0x0800124d   Number         0  rtx_conf_cm.o(i._mutex_release)
    i.adc                                    0x08001268   Section        0  main.o(i.adc)
    i.cal                                    0x08001288   Section        0  main.o(i.cal)
    i.calibrate                              0x080012f0   Section        0  main.o(i.calibrate)
    i.centroid                               0x08001350   Section        0  main.o(i.centroid)
    i.filter                                 0x080013e4   Section        0  main.o(i.filter)
    i.isrMessageGet                          0x08001470   Section        0  rt_cmsis.o(i.isrMessageGet)
    i.isrMessagePut                          0x0800149e   Section        0  rt_cmsis.o(i.isrMessagePut)
    i.isrSignalSet                           0x080014ce   Section        0  rt_cmsis.o(i.isrSignalSet)
    i.isr_evt_set                            0x080014f4   Section        0  rt_event.o(i.isr_evt_set)
    i.isr_mbx_receive                        0x08001518   Section        0  rt_mailbox.o(i.isr_mbx_receive)
    i.isr_mbx_send                           0x08001564   Section        0  rt_mailbox.o(i.isr_mbx_send)
    i.main                                   0x08001570   Section        0  main.o(i.main)
    i.mode                                   0x08001600   Section        0  main.o(i.mode)
    i.openThreads                            0x08001678   Section        0  main.o(i.openThreads)
    i.osDelay                                0x08001740   Section        0  rt_cmsis.o(i.osDelay)
    i.osKernelInitialize                     0x0800175c   Section        0  rt_cmsis.o(i.osKernelInitialize)
    i.osKernelStart                          0x08001784   Section        0  rt_cmsis.o(i.osKernelStart)
    i.osMailAlloc                            0x080017f0   Section        0  rt_cmsis.o(i.osMailAlloc)
    i.osMailCreate                           0x08001810   Section        0  rt_cmsis.o(i.osMailCreate)
    i.osMailFree                             0x08001844   Section        0  rt_cmsis.o(i.osMailFree)
    i.osMailGet                              0x08001864   Section        0  rt_cmsis.o(i.osMailGet)
    i.osMailPut                              0x0800187c   Section        0  rt_cmsis.o(i.osMailPut)
    i.osMessageGet                           0x08001898   Section        0  rt_cmsis.o(i.osMessageGet)
    i.osMessagePut                           0x080018b4   Section        0  rt_cmsis.o(i.osMessagePut)
    i.osSignalSet                            0x080018d0   Section        0  rt_cmsis.o(i.osSignalSet)
    i.osSignalWait                           0x080018ec   Section        0  rt_cmsis.o(i.osSignalWait)
    i.osThreadCreate                         0x08001908   Section        0  rt_cmsis.o(i.osThreadCreate)
    i.osThreadExit                           0x0800193c   Section        0  rt_cmsis.o(i.osThreadExit)
    i.osThreadGetId                          0x08001954   Section        0  rt_cmsis.o(i.osThreadGetId)
    i.osThreadTerminate                      0x08001970   Section        0  rt_cmsis.o(i.osThreadTerminate)
    i.osTimerCall                            0x0800198c   Section        0  rt_cmsis.o(i.osTimerCall)
    i.osTimerCreate                          0x0800199c   Section        0  rt_cmsis.o(i.osTimerCreate)
    i.osTimerStart                           0x080019d0   Section        0  rt_cmsis.o(i.osTimerStart)
    i.osTimerStop                            0x080019ec   Section        0  rt_cmsis.o(i.osTimerStop)
    i.osTimerThread                          0x08001a08   Section        0  rt_cmsis.o(i.osTimerThread)
    i.os_error                               0x08001a34   Section        0  rtx_conf_cm.o(i.os_error)
    i.os_idle_demon                          0x08001a36   Section        0  rtx_conf_cm.o(i.os_idle_demon)
    i.os_tick_init                           0x08001a3c   Section        0  rt_system.o(i.os_tick_init)
    i.os_tick_irqack                         0x08001a68   Section        0  rt_system.o(i.os_tick_irqack)
    i.pid                                    0x08001a6c   Section        0  main.o(i.pid)
    i.rt_alloc_box                           0x08001b44   Section        0  rt_membox.o(i.rt_alloc_box)
    i.rt_alloc_mem                           0x08001b62   Section        0  rt_memory.o(i.rt_alloc_mem)
    i.rt_block                               0x08001ba4   Section        0  rt_task.o(i.rt_block)
    i.rt_chk_robin                           0x08001bdc   Section        0  rt_robin.o(i.rt_chk_robin)
    i.rt_dec_dly                             0x08001c20   Section        0  rt_list.o(i.rt_dec_dly)
    i.rt_dispatch                            0x08001c94   Section        0  rt_task.o(i.rt_dispatch)
    i.rt_dly_wait                            0x08001cd4   Section        0  rt_time.o(i.rt_dly_wait)
    i.rt_evt_psh                             0x08001ce0   Section        0  rt_event.o(i.rt_evt_psh)
    i.rt_evt_set                             0x08001d30   Section        0  rt_event.o(i.rt_evt_set)
    i.rt_evt_wait                            0x08001d8c   Section        0  rt_event.o(i.rt_evt_wait)
    i.rt_free_box                            0x08001dcc   Section        0  rt_membox.o(i.rt_free_box)
    i.rt_free_mem                            0x08001df2   Section        0  rt_memory.o(i.rt_free_mem)
    i.rt_get_first                           0x08001e22   Section        0  rt_list.o(i.rt_get_first)
    i.rt_id2obj                              0x08001e4c   Section        0  rt_cmsis.o(i.rt_id2obj)
    rt_id2obj                                0x08001e4d   Thumb Code     8  rt_cmsis.o(i.rt_id2obj)
    i.rt_init_context                        0x08001e54   Section        0  rt_task.o(i.rt_init_context)
    rt_init_context                          0x08001e55   Thumb Code    66  rt_task.o(i.rt_init_context)
    i.rt_init_mem                            0x08001e9c   Section        0  rt_memory.o(i.rt_init_mem)
    i.rt_init_robin                          0x08001eb8   Section        0  rt_robin.o(i.rt_init_robin)
    i.rt_init_stack                          0x08001ed0   Section        0  hal_cm.o(i.rt_init_stack)
    i.rt_mbx_check                           0x08001f48   Section        0  rt_mailbox.o(i.rt_mbx_check)
    i.rt_mbx_init                            0x08001f50   Section        0  rt_mailbox.o(i.rt_mbx_init)
    i.rt_mbx_psh                             0x08001f74   Section        0  rt_mailbox.o(i.rt_mbx_psh)
    i.rt_mbx_send                            0x08002044   Section        0  rt_mailbox.o(i.rt_mbx_send)
    i.rt_mbx_wait                            0x080020d8   Section        0  rt_mailbox.o(i.rt_mbx_wait)
    i.rt_ms2tick                             0x08002188   Section        0  rt_cmsis.o(i.rt_ms2tick)
    rt_ms2tick                               0x08002189   Thumb Code    56  rt_cmsis.o(i.rt_ms2tick)
    i.rt_mut_init                            0x080021cc   Section        0  rt_mutex.o(i.rt_mut_init)
    i.rt_mut_release                         0x080021dc   Section        0  rt_mutex.o(i.rt_mut_release)
    i.rt_mut_wait                            0x080022b4   Section        0  rt_mutex.o(i.rt_mut_wait)
    i.rt_pop_req                             0x08002334   Section        0  rt_system.o(i.rt_pop_req)
    i.rt_psh_req                             0x080023a4   Section        0  rt_system.o(i.rt_psh_req)
    i.rt_psq_enq                             0x080023c4   Section        0  rt_list.o(i.rt_psq_enq)
    i.rt_put_dly                             0x08002404   Section        0  rt_list.o(i.rt_put_dly)
    i.rt_put_prio                            0x08002454   Section        0  rt_list.o(i.rt_put_prio)
    i.rt_put_rdy_first                       0x08002490   Section        0  rt_list.o(i.rt_put_rdy_first)
    i.rt_resort_prio                         0x080024a4   Section        0  rt_list.o(i.rt_resort_prio)
    i.rt_ret_val                             0x080024d4   Section        0  hal_cm.o(i.rt_ret_val)
    i.rt_ret_val2                            0x080024da   Section        0  hal_cm.o(i.rt_ret_val2)
    i.rt_rmv_dly                             0x080024e2   Section        0  rt_list.o(i.rt_rmv_dly)
    i.rt_rmv_list                            0x0800250c   Section        0  rt_list.o(i.rt_rmv_list)
    i.rt_sem_psh                             0x08002540   Section        0  rt_semaphore.o(i.rt_sem_psh)
    i.rt_stk_check                           0x08002574   Section        0  rt_system.o(i.rt_stk_check)
    i.rt_switch_req                          0x0800259c   Section        0  rt_task.o(i.rt_switch_req)
    i.rt_sys_init                            0x080025ac   Section        0  rt_task.o(i.rt_sys_init)
    i.rt_sys_start                           0x08002674   Section        0  rt_task.o(i.rt_sys_start)
    i.rt_systick                             0x080026d8   Section        0  rt_system.o(i.rt_systick)
    i.rt_tid2ptcb                            0x08002714   Section        0  rt_cmsis.o(i.rt_tid2ptcb)
    rt_tid2ptcb                              0x08002715   Thumb Code    18  rt_cmsis.o(i.rt_tid2ptcb)
    i.rt_timer_insert                        0x08002728   Section        0  rt_cmsis.o(i.rt_timer_insert)
    rt_timer_insert                          0x08002729   Thumb Code    52  rt_cmsis.o(i.rt_timer_insert)
    i.rt_timer_remove                        0x08002760   Section        0  rt_cmsis.o(i.rt_timer_remove)
    rt_timer_remove                          0x08002761   Thumb Code    62  rt_cmsis.o(i.rt_timer_remove)
    i.rt_tsk_create                          0x080027a4   Section        0  rt_task.o(i.rt_tsk_create)
    i.rt_tsk_delete                          0x0800281c   Section        0  rt_task.o(i.rt_tsk_delete)
    i.rt_tsk_prio                            0x08002974   Section        0  rt_task.o(i.rt_tsk_prio)
    i.rt_tsk_self                            0x080029f4   Section        0  rt_task.o(i.rt_tsk_self)
    i.setMotorPWM                            0x08002a04   Section        0  main.o(i.setMotorPWM)
    i.stopMotors                             0x08002a64   Section        0  main.o(i.stopMotors)
    i.svcDelay                               0x08002a80   Section        0  rt_cmsis.o(i.svcDelay)
    i.svcKernelInitialize                    0x08002a94   Section        0  rt_cmsis.o(i.svcKernelInitialize)
    i.svcKernelStart                         0x08002b0c   Section        0  rt_cmsis.o(i.svcKernelStart)
    i.svcMailCreate                          0x08002b58   Section        0  rt_cmsis.o(i.svcMailCreate)
    i.svcMessageCreate                       0x08002ba6   Section        0  rt_cmsis.o(i.svcMessageCreate)
    i.svcMessageGet                          0x08002bd0   Section        0  rt_cmsis.o(i.svcMessageGet)
    i.svcMessagePut                          0x08002c0c   Section        0  rt_cmsis.o(i.svcMessagePut)
    i.svcSignalSet                           0x08002c44   Section        0  rt_cmsis.o(i.svcSignalSet)
    i.svcSignalWait                          0x08002c6c   Section        0  rt_cmsis.o(i.svcSignalWait)
    i.svcThreadCreate                        0x08002cc8   Section        0  rt_cmsis.o(i.svcThreadCreate)
    i.svcThreadGetId                         0x08002d3c   Section        0  rt_cmsis.o(i.svcThreadGetId)
    i.svcThreadTerminate                     0x08002d58   Section        0  rt_cmsis.o(i.svcThreadTerminate)
    i.svcTimerCall                           0x08002d94   Section        0  rt_cmsis.o(i.svcTimerCall)
    i.svcTimerCreate                         0x08002db0   Section        0  rt_cmsis.o(i.svcTimerCreate)
    i.svcTimerStart                          0x08002df0   Section        0  rt_cmsis.o(i.svcTimerStart)
    i.svcTimerStop                           0x08002e5c   Section        0  rt_cmsis.o(i.svcTimerStop)
    i.sysMailAlloc                           0x08002e84   Section        0  rt_cmsis.o(i.sysMailAlloc)
    i.sysMailFree                            0x08002ee8   Section        0  rt_cmsis.o(i.sysMailFree)
    i.sysTimerTick                           0x08002f54   Section        0  rt_cmsis.o(i.sysTimerTick)
    x$fpl$fadd                               0x08002fac   Section      140  faddsub.o(x$fpl$fadd)
    _fadd1                                   0x08002fb9   Thumb Code     0  faddsub.o(x$fpl$fadd)
    x$fpl$fleqf                              0x08003038   Section       84  flef.o(x$fpl$fleqf)
    x$fpl$fmul                               0x0800308c   Section      176  fmul.o(x$fpl$fmul)
    x$fpl$frleqf                             0x0800313c   Section       88  frlef.o(x$fpl$frleqf)
    x$fpl$fsub                               0x08003194   Section      208  faddsub.o(x$fpl$fsub)
    _fsub1                                   0x080031a1   Thumb Code     0  faddsub.o(x$fpl$fsub)
    .constdata                               0x08003264   Section      112  main.o(.constdata)
    x$fpl$usenofp                            0x08003264   Section        0  usenofp.o(x$fpl$usenofp)
    .constdata                               0x080032d4   Section        2  rtx_conf_cm.o(.constdata)
    .constdata                               0x080032d8   Section        4  rtx_conf_cm.o(.constdata)
    .constdata                               0x080032dc   Section        4  rtx_conf_cm.o(.constdata)
    .constdata                               0x080032e0   Section        4  rtx_conf_cm.o(.constdata)
    .constdata                               0x080032e4   Section        1  rtx_conf_cm.o(.constdata)
    .constdata                               0x080032e8   Section       16  rtx_conf_cm.o(.constdata)
    __tagsym$$used                           0x080032e8   Number         0  rtx_conf_cm.o(.constdata)
    __tagsym$$used                           0x080032ec   Number         0  rtx_conf_cm.o(.constdata)
    __tagsym$$used                           0x080032f0   Number         0  rtx_conf_cm.o(.constdata)
    __tagsym$$used                           0x080032f4   Number         0  rtx_conf_cm.o(.constdata)
    .constdata                               0x080032f8   Section        2  rtx_conf_cm.o(.constdata)
    .constdata                               0x080032fc   Section        4  rtx_conf_cm.o(.constdata)
    .constdata                               0x08003300   Section        4  rtx_conf_cm.o(.constdata)
    .constdata                               0x08003304   Section        1  rtx_conf_cm.o(.constdata)
    .constdata                               0x08003308   Section       16  rtx_conf_cm.o(.constdata)
    .constdata                               0x08003318   Section        8  rtx_conf_cm.o(.constdata)
    .constdata                               0x08003320   Section        2  rtx_conf_cm.o(.constdata)
    .constdata                               0x08003324   Section       16  rtx_conf_cm.o(.constdata)
    .constdata                               0x08003334   Section       64  fdiv.o(.constdata)
    fdiv_tab                                 0x08003334   Data          64  fdiv.o(.constdata)
    .data                                    0x20000000   Section        8  main.o(.data)
    .data                                    0x20000008   Section        8  main.o(.data)
    .data                                    0x20000010   Section       36  main.o(.data)
    .data                                    0x20000034   Section       40  lowpass.o(.data)
    .data                                    0x2000005c   Section        4  rtx_conf_cm.o(.data)
    .data                                    0x20000060   Section        4  rtx_conf_cm.o(.data)
    .data                                    0x20000064   Section        4  rtx_conf_cm.o(.data)
    .data                                    0x20000068   Section        4  rtx_conf_cm.o(.data)
    nr_mutex                                 0x20000068   Data           4  rtx_conf_cm.o(.data)
    .data                                    0x2000006c   Section        8  rt_cmsis.o(.data)
    .data                                    0x20000074   Section        8  rt_task.o(.data)
    .data                                    0x2000007c   Section        8  rt_system.o(.data)
    os_lock                                  0x2000007c   Data           1  rt_system.o(.data)
    os_psh_flag                              0x2000007d   Data           1  rt_system.o(.data)
    pend_flags                               0x2000007e   Data           1  rt_system.o(.data)
    .data                                    0x20000084   Section        4  rt_time.o(.data)
    .data                                    0x20000088   Section        8  rt_robin.o(.data)
    .bss                                     0x20000090   Section       24  main.o(.bss)
    .bss                                     0x200000a8   Section       24  main.o(.bss)
    .bss                                     0x200000c0   Section       72  main.o(.bss)
    .bss                                     0x20000108   Section       60  main.o(.bss)
    .bss                                     0x20000144   Section       20  main.o(.bss)
    .bss                                     0x20000158   Section       24  main.o(.bss)
    .bss                                     0x20000170   Section       12  snippets.o(.bss)
    .bss                                     0x2000017c   Section       20  rtx_conf_cm.o(.bss)
    .bss                                     0x20000190   Section      376  rtx_conf_cm.o(.bss)
    .bss                                     0x20000308   Section      192  rtx_conf_cm.o(.bss)
    .bss                                     0x200003c8   Section      840  rtx_conf_cm.o(.bss)
    .bss                                     0x20000710   Section      132  rtx_conf_cm.o(.bss)
    .bss                                     0x20000794   Section       28  rtx_conf_cm.o(.bss)
    .bss                                     0x200007b0   Section      800  rtx_conf_cm.o(.bss)
    std_libspace                             0x200007b0   Data         672  rtx_conf_cm.o(.bss)
    std_libmutex                             0x20000a50   Data         128  rtx_conf_cm.o(.bss)
    .bss                                     0x20000ad0   Section       52  rt_task.o(.bss)
    .bss                                     0x20000b04   Section       48  rt_list.o(.bss)
    .bss                                     0x20000b34   Section       96  libspace.o(.bss)
    HEAP                                     0x20000b98   Section      512  startup_stm32f030x6.o(HEAP)
    Heap_Mem                                 0x20000b98   Data         512  startup_stm32f030x6.o(HEAP)
    STACK                                    0x20000d98   Section      256  startup_stm32f030x6.o(STACK)
    Stack_Mem                                0x20000d98   Data         256  startup_stm32f030x6.o(STACK)
    __initial_sp                             0x20000e98   Data           0  startup_stm32f030x6.o(STACK)

    Global Symbols

    Symbol Name                              Value     Ov Type        Size  Object(Section)

    BuildAttributes$$THM_ISAv3M$S$PE$A:L22$X:L11$S22$IEEE1$IW$USESV6$~STKCKD$USESV7$~SHL$OTIME$ROPI$EBA8$UX$STANDARDLIB$REQ8$PRES8$EABIv2 0x00000000   Number         0  anon$$obj.o ABSOLUTE
    __ARM_use_no_argv                        0x00000000   Number         0  main.o ABSOLUTE
    __ARM_exceptions_init                     - Undefined Weak Reference
    __alloca_initialize                       - Undefined Weak Reference
    __arm_preinit_                            - Undefined Weak Reference
    __cpp_initialize__aeabi_                  - Undefined Weak Reference
    __cxa_finalize                            - Undefined Weak Reference
    __rt_locale                               - Undefined Weak Reference
    __sigvec_lookup                           - Undefined Weak Reference
    __user_heap_extent                        - Undefined Weak Reference
    _atexit_init                              - Undefined Weak Reference
    _call_atexit_fns                          - Undefined Weak Reference
    _clock_init                               - Undefined Weak Reference
    _fp_trap_init                             - Undefined Weak Reference
    _fp_trap_shutdown                         - Undefined Weak Reference
    _get_lc_collate                           - Undefined Weak Reference
    _get_lc_ctype                             - Undefined Weak Reference
    _get_lc_monetary                          - Undefined Weak Reference
    _get_lc_numeric                           - Undefined Weak Reference
    _get_lc_time                              - Undefined Weak Reference
    _getenv_init                              - Undefined Weak Reference
    _handle_redirection                       - Undefined Weak Reference
    _initio                                   - Undefined Weak Reference
    _mutex_free                               - Undefined Weak Reference
    _rand_init                                - Undefined Weak Reference
    _signal_finish                            - Undefined Weak Reference
    _signal_init                              - Undefined Weak Reference
    _terminateio                              - Undefined Weak Reference
    __Vectors_Size                           0x000000b0   Number         0  startup_stm32f030x6.o ABSOLUTE
    __RL_RTX_VER                             0x00000482   Number         0  rt_system.o ABSOLUTE
    __Vectors                                0x08000000   Data           4  startup_stm32f030x6.o(RESET)
    __Vectors_End                            0x080000b0   Data           0  startup_stm32f030x6.o(RESET)
    __main                                   0x080000b1   Thumb Code     8  __main.o(!!!main)
    __scatterload                            0x080000b9   Thumb Code     0  __scatter.o(!!!scatter)
    __scatterload_rt2                        0x080000b9   Thumb Code    52  __scatter.o(!!!scatter)
    __scatterload_rt2_thumb_only             0x080000b9   Thumb Code     0  __scatter.o(!!!scatter)
    __scatterload_null                       0x080000c9   Thumb Code     0  __scatter.o(!!!scatter)
    __scatterload_copy                       0x080000f5   Thumb Code    26  __scatter_copy.o(!!handler_copy)
    __scatterload_zeroinit                   0x08000111   Thumb Code    28  __scatter_zi.o(!!handler_zi)
    __rt_lib_init                            0x0800012d   Thumb Code     0  libinit.o(.ARM.Collect$$libinit$$00000000)
    __rt_lib_init_fp_1                       0x0800012f   Thumb Code     0  libinit2.o(.ARM.Collect$$libinit$$00000002)
    __rt_lib_init_heap_2                     0x0800012f   Thumb Code     0  libinit2.o(.ARM.Collect$$libinit$$00000005)
    __rt_lib_init_preinit_1                  0x0800012f   Thumb Code     0  libinit2.o(.ARM.Collect$$libinit$$00000004)
    __rt_lib_init_alloca_1                   0x08000137   Thumb Code     0  libinit2.o(.ARM.Collect$$libinit$$0000002E)
    __rt_lib_init_argv_1                     0x08000137   Thumb Code     0  libinit2.o(.ARM.Collect$$libinit$$0000002C)
    __rt_lib_init_atexit_1                   0x08000137   Thumb Code     0  libinit2.o(.ARM.Collect$$libinit$$0000001B)
    __rt_lib_init_clock_1                    0x08000137   Thumb Code     0  libinit2.o(.ARM.Collect$$libinit$$00000021)
    __rt_lib_init_cpp_1                      0x08000137   Thumb Code     0  libinit2.o(.ARM.Collect$$libinit$$00000032)
    __rt_lib_init_exceptions_1               0x08000137   Thumb Code     0  libinit2.o(.ARM.Collect$$libinit$$00000030)
    __rt_lib_init_fp_trap_1                  0x08000137   Thumb Code     0  libinit2.o(.ARM.Collect$$libinit$$0000001F)
    __rt_lib_init_getenv_1                   0x08000137   Thumb Code     0  libinit2.o(.ARM.Collect$$libinit$$00000023)
    __rt_lib_init_heap_1                     0x08000137   Thumb Code     0  libinit2.o(.ARM.Collect$$libinit$$0000000A)
    __rt_lib_init_lc_collate_1               0x08000137   Thumb Code     0  libinit2.o(.ARM.Collect$$libinit$$00000011)
    __rt_lib_init_lc_ctype_1                 0x08000137   Thumb Code     0  libinit2.o(.ARM.Collect$$libinit$$00000013)
    __rt_lib_init_lc_monetary_1              0x08000137   Thumb Code     0  libinit2.o(.ARM.Collect$$libinit$$00000015)
    __rt_lib_init_lc_numeric_1               0x08000137   Thumb Code     0  libinit2.o(.ARM.Collect$$libinit$$00000017)
    __rt_lib_init_lc_time_1                  0x08000137   Thumb Code     0  libinit2.o(.ARM.Collect$$libinit$$00000019)
    __rt_lib_init_rand_1                     0x08000137   Thumb Code     0  libinit2.o(.ARM.Collect$$libinit$$0000000E)
    __rt_lib_init_return                     0x08000137   Thumb Code     0  libinit2.o(.ARM.Collect$$libinit$$00000033)
    __rt_lib_init_signal_1                   0x08000137   Thumb Code     0  libinit2.o(.ARM.Collect$$libinit$$0000001D)
    __rt_lib_init_stdio_1                    0x08000137   Thumb Code     0  libinit2.o(.ARM.Collect$$libinit$$00000025)
    __rt_lib_init_user_alloc_1               0x08000137   Thumb Code     0  libinit2.o(.ARM.Collect$$libinit$$0000000C)
    __rt_lib_shutdown                        0x08000139   Thumb Code     0  libshutdown.o(.ARM.Collect$$libshutdown$$00000000)
    __rt_lib_shutdown_cpp_1                  0x0800013b   Thumb Code     0  libshutdown2.o(.ARM.Collect$$libshutdown$$00000002)
    __rt_lib_shutdown_fp_trap_1              0x0800013b   Thumb Code     0  libshutdown2.o(.ARM.Collect$$libshutdown$$00000007)
    __rt_lib_shutdown_heap_1                 0x0800013b   Thumb Code     0  libshutdown2.o(.ARM.Collect$$libshutdown$$0000000F)
    __rt_lib_shutdown_return                 0x0800013b   Thumb Code     0  libshutdown2.o(.ARM.Collect$$libshutdown$$00000010)
    __rt_lib_shutdown_signal_1               0x0800013b   Thumb Code     0  libshutdown2.o(.ARM.Collect$$libshutdown$$0000000A)
    __rt_lib_shutdown_stdio_1                0x0800013b   Thumb Code     0  libshutdown2.o(.ARM.Collect$$libshutdown$$00000004)
    __rt_lib_shutdown_user_alloc_1           0x0800013b   Thumb Code     0  libshutdown2.o(.ARM.Collect$$libshutdown$$0000000C)
    __rt_entry                               0x0800013d   Thumb Code     0  __rtentry.o(.ARM.Collect$$rtentry$$00000000)
    __rt_entry_presh_1                       0x0800013d   Thumb Code     0  __rtentry2.o(.ARM.Collect$$rtentry$$00000002)
    __rt_entry_sh                            0x0800013d   Thumb Code     0  __rtentry4.o(.ARM.Collect$$rtentry$$00000004)
    __rt_entry_li                            0x08000143   Thumb Code     0  __rtentry2.o(.ARM.Collect$$rtentry$$0000000A)
    __rt_entry_postsh_1                      0x08000143   Thumb Code     0  __rtentry2.o(.ARM.Collect$$rtentry$$00000009)
    __rt_entry_postli_1                      0x08000147   Thumb Code     0  __rtentry2.o(.ARM.Collect$$rtentry$$0000000B)
    __rt_entry_main                          0x0800014f   Thumb Code     0  __rtentry2.o(.ARM.Collect$$rtentry$$0000000D)
    __rt_exit                                0x08000157   Thumb Code     0  rtexit.o(.ARM.Collect$$rtexit$$00000000)
    __rt_exit_ls                             0x08000159   Thumb Code     0  rtexit2.o(.ARM.Collect$$rtexit$$00000003)
    __rt_exit_prels_1                        0x08000159   Thumb Code     0  rtexit2.o(.ARM.Collect$$rtexit$$00000002)
    __rt_exit_exit                           0x0800015d   Thumb Code     0  rtexit2.o(.ARM.Collect$$rtexit$$00000004)
    _platform_post_lib_init                  0x08000165   Thumb Code    24  rtx_conf_cm.o(.emb_text)
    rt_set_PSP                               0x08000181   Thumb Code     6  hal_cm0.o(.emb_text)
    rt_get_PSP                               0x08000187   Thumb Code     6  hal_cm0.o(.emb_text)
    os_set_env                               0x0800018d   Thumb Code    32  hal_cm0.o(.emb_text)
    _alloc_box                               0x080001b1   Thumb Code    28  hal_cm0.o(.emb_text)
    _free_box                                0x080001d1   Thumb Code    28  hal_cm0.o(.emb_text)
    SVC_Handler                              0x080001f1   Thumb Code   136  hal_cm0.o(.emb_text)
    PendSV_Handler                           0x08000285   Thumb Code    72  hal_cm0.o(.emb_text)
    SysTick_Handler                          0x080002d1   Thumb Code     8  hal_cm0.o(.emb_text)
    OS_Tick_Handler                          0x080002d9   Thumb Code    12  hal_cm0.o(.emb_text)
    Reset_Handler                            0x080002e5   Thumb Code     8  startup_stm32f030x6.o(.text)
    _maybe_terminate_alloc                   0x080002e5   Thumb Code     0  maybetermalloc1.o(.emb_text)
    NMI_Handler                              0x080002ed   Thumb Code     2  startup_stm32f030x6.o(.text)
    HardFault_Handler                        0x080002ef   Thumb Code     2  startup_stm32f030x6.o(.text)
    DMA1_Channel2_3_IRQHandler               0x080002f7   Thumb Code     0  startup_stm32f030x6.o(.text)
    DMA1_Channel4_5_IRQHandler               0x080002f7   Thumb Code     0  startup_stm32f030x6.o(.text)
    EXTI0_1_IRQHandler                       0x080002f7   Thumb Code     0  startup_stm32f030x6.o(.text)
    EXTI2_3_IRQHandler                       0x080002f7   Thumb Code     0  startup_stm32f030x6.o(.text)
    EXTI4_15_IRQHandler                      0x080002f7   Thumb Code     0  startup_stm32f030x6.o(.text)
    FLASH_IRQHandler                         0x080002f7   Thumb Code     0  startup_stm32f030x6.o(.text)
    I2C1_IRQHandler                          0x080002f7   Thumb Code     0  startup_stm32f030x6.o(.text)
    RCC_IRQHandler                           0x080002f7   Thumb Code     0  startup_stm32f030x6.o(.text)
    RTC_IRQHandler                           0x080002f7   Thumb Code     0  startup_stm32f030x6.o(.text)
    SPI1_IRQHandler                          0x080002f7   Thumb Code     0  startup_stm32f030x6.o(.text)
    TIM14_IRQHandler                         0x080002f7   Thumb Code     0  startup_stm32f030x6.o(.text)
    TIM16_IRQHandler                         0x080002f7   Thumb Code     0  startup_stm32f030x6.o(.text)
    TIM17_IRQHandler                         0x080002f7   Thumb Code     0  startup_stm32f030x6.o(.text)
    TIM1_BRK_UP_TRG_COM_IRQHandler           0x080002f7   Thumb Code     0  startup_stm32f030x6.o(.text)
    TIM1_CC_IRQHandler                       0x080002f7   Thumb Code     0  startup_stm32f030x6.o(.text)
    TIM3_IRQHandler                          0x080002f7   Thumb Code     0  startup_stm32f030x6.o(.text)
    USART1_IRQHandler                        0x080002f7   Thumb Code     0  startup_stm32f030x6.o(.text)
    WWDG_IRQHandler                          0x080002f7   Thumb Code     0  startup_stm32f030x6.o(.text)
    __user_initial_stackheap                 0x080002f9   Thumb Code     0  startup_stm32f030x6.o(.text)
    arm_biquad_cascade_df1_f32               0x0800031d   Thumb Code   312  arm_biquad_cascade_df1_f32.o(.text)
    arm_biquad_cascade_df1_init_f32          0x08000459   Thumb Code    22  arm_biquad_cascade_df1_init_f32.o(.text)
    __user_libspace                          0x08000471   Thumb Code     8  libspace.o(.text)
    __user_perproc_libspace                  0x08000471   Thumb Code     0  libspace.o(.text)
    _malloc_internal                         0x08000481   Thumb Code   126  h1_alloc_mt.o(.text)
    malloc                                   0x080004ff   Thumb Code    20  h1_alloc_mt.o(.text)
    _free_internal                           0x08000513   Thumb Code    96  h1_free_mt.o(.text)
    free                                     0x08000573   Thumb Code    20  h1_free_mt.o(.text)
    __aeabi_uldivmod                         0x08000587   Thumb Code   258  lludiv.o(.text)
    _ll_udiv                                 0x08000587   Thumb Code     0  lludiv.o(.text)
    exit                                     0x08000689   Thumb Code    16  exit.o(.text)
    _memset_w                                0x08000699   Thumb Code    26  rt_memclr.o(.text)
    _memset                                  0x080006b3   Thumb Code    30  rt_memclr.o(.text)
    __aeabi_memclr                           0x080006d1   Thumb Code     4  rt_memclr.o(.text)
    __rt_memclr                              0x080006d1   Thumb Code     0  rt_memclr.o(.text)
    __aeabi_memclr4                          0x080006d5   Thumb Code     0  rt_memclr.o(.text)
    __aeabi_memclr8                          0x080006d5   Thumb Code     0  rt_memclr.o(.text)
    __rt_memclr_w                            0x080006d5   Thumb Code     4  rt_memclr.o(.text)
    __aeabi_uidiv                            0x080006d9   Thumb Code     0  aeabi_sdivfast.o(.text)
    __aeabi_uidivmod                         0x080006d9   Thumb Code    28  aeabi_sdivfast.o(.text)
    __aeabi_idiv                             0x080006f5   Thumb Code     0  aeabi_sdivfast.o(.text)
    __aeabi_idivmod                          0x080006f5   Thumb Code   460  aeabi_sdivfast.o(.text)
    __use_two_region_memory                  0x080008c1   Thumb Code     2  heapauxi.o(.text)
    __rt_heap_escrow                         0x080008c3   Thumb Code     2  heapauxi.o(.text)
    __rt_heap_expand                         0x080008c5   Thumb Code     2  heapauxi.o(.text)
    __aeabi_fdiv                             0x080008c9   Thumb Code     0  fdiv.o(.text)
    _fdiv                                    0x080008c9   Thumb Code   334  fdiv.o(.text)
    _frdiv                                   0x08000a17   Thumb Code     8  fdiv.o(.text)
    __aeabi_f2iz                             0x08000a29   Thumb Code     0  ffixi.o(.text)
    _ffix                                    0x08000a29   Thumb Code    76  ffixi.o(.text)
    __aeabi_i2f_normalise                    0x08000a75   Thumb Code    72  fflti.o(.text)
    __aeabi_i2f                              0x08000abd   Thumb Code    16  fflti.o(.text)
    _fflt                                    0x08000abd   Thumb Code     0  fflti.o(.text)
    __aeabi_ui2f                             0x08000acd   Thumb Code     6  fflti.o(.text)
    _ffltu                                   0x08000acd   Thumb Code     0  fflti.o(.text)
    __rt_heap_descriptor                     0x08000ad3   Thumb Code    10  rt_heap_descriptor_twolibspace.o(.text)
    __use_no_heap                            0x08000add   Thumb Code     2  hguard.o(.text)
    __heap$guard                             0x08000adf   Thumb Code     2  hguard.o(.text)
    _terminate_user_alloc                    0x08000ae1   Thumb Code     2  init_alloc.o(.text)
    _init_user_alloc                         0x08000ae3   Thumb Code     2  init_alloc.o(.text)
    __Heap_Full                              0x08000ae5   Thumb Code    32  init_alloc.o(.text)
    __Heap_Broken                            0x08000b05   Thumb Code    10  init_alloc.o(.text)
    _init_alloc                              0x08000b0f   Thumb Code    90  init_alloc.o(.text)
    __Heap_Initialize                        0x08000b69   Thumb Code    18  h1_init_mt.o(.text)
    __Heap_DescSize                          0x08000b7b   Thumb Code     4  h1_init_mt.o(.text)
    __fpl_fcmp_InfNaN                        0x08000b81   Thumb Code    96  fcmpin.o(.text)
    __Heap_ProvideMemory                     0x08000be5   Thumb Code    54  h1_extend_mt.o(.text)
    __rt_SIGRTMEM                            0x08000c1b   Thumb Code    12  defsig_rtmem_outer.o(.text)
    __fpl_cmpreturn                          0x08000c27   Thumb Code    46  cmpret.o(.text)
    __fpl_fcheck_NaN2                        0x08000c55   Thumb Code    10  fnan2.o(.text)
    _sys_exit                                0x08000c65   Thumb Code     8  sys_exit.o(.text)
    __I$use$semihosting                      0x08000c71   Thumb Code     0  use_no_semi.o(.text)
    __use_no_semihosting_swi                 0x08000c71   Thumb Code     2  use_no_semi.o(.text)
    __semihosting_library_function           0x08000c73   Thumb Code     0  indicate_semi.o(.text)
    __user_setup_stackheap                   0x08000c73   Thumb Code    62  sys_stackheap_outer.o(.text)
    __sig_exit                               0x08000cb1   Thumb Code    12  defsig_exit.o(.text)
    __rt_SIGRTMEM_inner                      0x08000cbd   Thumb Code    22  defsig_rtmem_inner.o(.text)
    __fpl_return_NaN                         0x08000d0d   Thumb Code    94  retnan.o(.text)
    __default_signal_display                 0x08000d6b   Thumb Code    52  defsig_general.o(.text)
    _ttywrch                                 0x08000d9f   Thumb Code    12  sys_wrch.o(.text)
    SVC_Count                                0x08000dac   Data           4  svc_table.o(SVC_TABLE)
    ADC1_IRQHandler                          0x08000db1   Thumb Code    20  main.o(i.ADC1_IRQHandler)
    SVC_Table                                0x08000db0   Data           0  svc_table.o(SVC_TABLE)
    CalibrateADC                             0x08000dc9   Thumb Code    34  snippets.o(i.CalibrateADC)
    ConfigureADC                             0x08000df1   Thumb Code    36  snippets.o(i.ConfigureADC)
    ConfigureDMA                             0x08000e19   Thumb Code    66  snippets.o(i.ConfigureDMA)
    ConfigureGPIO                            0x08000e71   Thumb Code    46  snippets.o(i.ConfigureGPIO)
    ConfigureGPIOforADC                      0x08000ead   Thumb Code    26  snippets.o(i.ConfigureGPIOforADC)
    ConfigureTIMsPWM                         0x08000ed1   Thumb Code   174  snippets.o(i.ConfigureTIMsPWM)
    DMA1_Channel1_IRQHandler                 0x08000f99   Thumb Code    70  main.o(i.DMA1_Channel1_IRQHandler)
    EnableADC                                0x08000fed   Thumb Code    18  snippets.o(i.EnableADC)
    LowPass_create                           0x08001005   Thumb Code    18  lowpass.o(i.LowPass_create)
    LowPass_init                             0x08001019   Thumb Code    24  lowpass.o(i.LowPass_init)
    LowPass_reset                            0x08001035   Thumb Code    18  lowpass.o(i.LowPass_reset)
    SetClockForADC                           0x08001049   Thumb Code    26  snippets.o(i.SetClockForADC)
    SetSysClock                              0x08001069   Thumb Code    90  snippets.o(i.SetSysClock)
    SystemInit                               0x080010cd   Thumb Code    78  system_stm32f0xx.o(i.SystemInit)
    __ARM_common_ll_muluu                    0x08001129   Thumb Code    48  rt_cmsis.o(i.__ARM_common_ll_muluu)
    _init_box                                0x080011b5   Thumb Code    72  rt_membox.o(i._init_box)
    _mutex_acquire                           0x080011fd   Thumb Code    22  rtx_conf_cm.o(i._mutex_acquire)
    _mutex_initialize                        0x08001221   Thumb Code    34  rtx_conf_cm.o(i._mutex_initialize)
    _mutex_release                           0x0800124d   Thumb Code    20  rtx_conf_cm.o(i._mutex_release)
    adc                                      0x08001269   Thumb Code    22  main.o(i.adc)
    cal                                      0x08001289   Thumb Code    92  main.o(i.cal)
    calibrate                                0x080012f1   Thumb Code    90  main.o(i.calibrate)
    centroid                                 0x08001351   Thumb Code   136  main.o(i.centroid)
    filter                                   0x080013e5   Thumb Code   124  main.o(i.filter)
    isrMessageGet                            0x08001471   Thumb Code    46  rt_cmsis.o(i.isrMessageGet)
    isrMessagePut                            0x0800149f   Thumb Code    48  rt_cmsis.o(i.isrMessagePut)
    isrSignalSet                             0x080014cf   Thumb Code    38  rt_cmsis.o(i.isrSignalSet)
    isr_evt_set                              0x080014f5   Thumb Code    30  rt_event.o(i.isr_evt_set)
    isr_mbx_receive                          0x08001519   Thumb Code    76  rt_mailbox.o(i.isr_mbx_receive)
    isr_mbx_send                             0x08001565   Thumb Code    12  rt_mailbox.o(i.isr_mbx_send)
    main                                     0x08001571   Thumb Code   132  main.o(i.main)
    mode                                     0x08001601   Thumb Code   110  main.o(i.mode)
    openThreads                              0x08001679   Thumb Code   180  main.o(i.openThreads)
    osDelay                                  0x08001741   Thumb Code    22  rt_cmsis.o(i.osDelay)
    osKernelInitialize                       0x0800175d   Thumb Code    36  rt_cmsis.o(i.osKernelInitialize)
    osKernelStart                            0x08001785   Thumb Code   100  rt_cmsis.o(i.osKernelStart)
    osMailAlloc                              0x080017f1   Thumb Code    28  rt_cmsis.o(i.osMailAlloc)
    osMailCreate                             0x08001811   Thumb Code    44  rt_cmsis.o(i.osMailCreate)
    osMailFree                               0x08001845   Thumb Code    28  rt_cmsis.o(i.osMailFree)
    osMailGet                                0x08001865   Thumb Code    24  rt_cmsis.o(i.osMailGet)
    osMailPut                                0x0800187d   Thumb Code    28  rt_cmsis.o(i.osMailPut)
    osMessageGet                             0x08001899   Thumb Code    24  rt_cmsis.o(i.osMessageGet)
    osMessagePut                             0x080018b5   Thumb Code    24  rt_cmsis.o(i.osMessagePut)
    osSignalSet                              0x080018d1   Thumb Code    24  rt_cmsis.o(i.osSignalSet)
    osSignalWait                             0x080018ed   Thumb Code    22  rt_cmsis.o(i.osSignalWait)
    osThreadCreate                           0x08001909   Thumb Code    44  rt_cmsis.o(i.osThreadCreate)
    osThreadExit                             0x0800193d   Thumb Code    14  rt_cmsis.o(i.osThreadExit)
    osThreadGetId                            0x08001955   Thumb Code    22  rt_cmsis.o(i.osThreadGetId)
    osThreadTerminate                        0x08001971   Thumb Code    22  rt_cmsis.o(i.osThreadTerminate)
    osTimerCall                              0x0800198d   Thumb Code    10  rt_cmsis.o(i.osTimerCall)
    osTimerCreate                            0x0800199d   Thumb Code    44  rt_cmsis.o(i.osTimerCreate)
    osTimerStart                             0x080019d1   Thumb Code    22  rt_cmsis.o(i.osTimerStart)
    osTimerStop                              0x080019ed   Thumb Code    22  rt_cmsis.o(i.osTimerStop)
    osTimerThread                            0x08001a09   Thumb Code    38  rt_cmsis.o(i.osTimerThread)
    os_error                                 0x08001a35   Thumb Code     2  rtx_conf_cm.o(i.os_error)
    os_idle_demon                            0x08001a37   Thumb Code     4  rtx_conf_cm.o(i.os_idle_demon)
    os_tick_init                             0x08001a3d   Thumb Code    32  rt_system.o(i.os_tick_init)
    os_tick_irqack                           0x08001a69   Thumb Code     2  rt_system.o(i.os_tick_irqack)
    pid                                      0x08001a6d   Thumb Code   194  main.o(i.pid)
    rt_alloc_box                             0x08001b45   Thumb Code    30  rt_membox.o(i.rt_alloc_box)
    rt_alloc_mem                             0x08001b63   Thumb Code    66  rt_memory.o(i.rt_alloc_mem)
    rt_block                                 0x08001ba5   Thumb Code    42  rt_task.o(i.rt_block)
    rt_chk_robin                             0x08001bdd   Thumb Code    56  rt_robin.o(i.rt_chk_robin)
    rt_dec_dly                               0x08001c21   Thumb Code   108  rt_list.o(i.rt_dec_dly)
    rt_dispatch                              0x08001c95   Thumb Code    56  rt_task.o(i.rt_dispatch)
    rt_dly_wait                              0x08001cd5   Thumb Code    10  rt_time.o(i.rt_dly_wait)
    rt_evt_psh                               0x08001ce1   Thumb Code    74  rt_event.o(i.rt_evt_psh)
    rt_evt_set                               0x08001d31   Thumb Code    86  rt_event.o(i.rt_evt_set)
    rt_evt_wait                              0x08001d8d   Thumb Code    58  rt_event.o(i.rt_evt_wait)
    rt_free_box                              0x08001dcd   Thumb Code    38  rt_membox.o(i.rt_free_box)
    rt_free_mem                              0x08001df3   Thumb Code    48  rt_memory.o(i.rt_free_mem)
    rt_get_first                             0x08001e23   Thumb Code    42  rt_list.o(i.rt_get_first)
    rt_init_mem                              0x08001e9d   Thumb Code    28  rt_memory.o(i.rt_init_mem)
    rt_init_robin                            0x08001eb9   Thumb Code    14  rt_robin.o(i.rt_init_robin)
    rt_init_stack                            0x08001ed1   Thumb Code   106  hal_cm.o(i.rt_init_stack)
    rt_mbx_check                             0x08001f49   Thumb Code     8  rt_mailbox.o(i.rt_mbx_check)
    rt_mbx_init                              0x08001f51   Thumb Code    30  rt_mailbox.o(i.rt_mbx_init)
    rt_mbx_psh                               0x08001f75   Thumb Code   204  rt_mailbox.o(i.rt_mbx_psh)
    rt_mbx_send                              0x08002045   Thumb Code   144  rt_mailbox.o(i.rt_mbx_send)
    rt_mbx_wait                              0x080020d9   Thumb Code   170  rt_mailbox.o(i.rt_mbx_wait)
    rt_mut_init                              0x080021cd   Thumb Code    16  rt_mutex.o(i.rt_mut_init)
    rt_mut_release                           0x080021dd   Thumb Code   206  rt_mutex.o(i.rt_mut_release)
    rt_mut_wait                              0x080022b5   Thumb Code   118  rt_mutex.o(i.rt_mut_wait)
    rt_pop_req                               0x08002335   Thumb Code   100  rt_system.o(i.rt_pop_req)
    rt_psh_req                               0x080023a5   Thumb Code    24  rt_system.o(i.rt_psh_req)
    rt_psq_enq                               0x080023c5   Thumb Code    60  rt_list.o(i.rt_psq_enq)
    rt_put_dly                               0x08002405   Thumb Code    74  rt_list.o(i.rt_put_dly)
    rt_put_prio                              0x08002455   Thumb Code    60  rt_list.o(i.rt_put_prio)
    rt_put_rdy_first                         0x08002491   Thumb Code    14  rt_list.o(i.rt_put_rdy_first)
    rt_resort_prio                           0x080024a5   Thumb Code    44  rt_list.o(i.rt_resort_prio)
    rt_ret_val                               0x080024d5   Thumb Code     6  hal_cm.o(i.rt_ret_val)
    rt_ret_val2                              0x080024db   Thumb Code     8  hal_cm.o(i.rt_ret_val2)
    rt_rmv_dly                               0x080024e3   Thumb Code    42  rt_list.o(i.rt_rmv_dly)
    rt_rmv_list                              0x0800250d   Thumb Code    46  rt_list.o(i.rt_rmv_list)
    rt_sem_psh                               0x08002541   Thumb Code    48  rt_semaphore.o(i.rt_sem_psh)
    rt_stk_check                             0x08002575   Thumb Code    30  rt_system.o(i.rt_stk_check)
    rt_switch_req                            0x0800259d   Thumb Code    10  rt_task.o(i.rt_switch_req)
    rt_sys_init                              0x080025ad   Thumb Code   134  rt_task.o(i.rt_sys_init)
    rt_sys_start                             0x08002675   Thumb Code    82  rt_task.o(i.rt_sys_start)
    rt_systick                               0x080026d9   Thumb Code    48  rt_system.o(i.rt_systick)
    rt_tsk_create                            0x080027a5   Thumb Code   106  rt_task.o(i.rt_tsk_create)
    rt_tsk_delete                            0x0800281d   Thumb Code   318  rt_task.o(i.rt_tsk_delete)
    rt_tsk_prio                              0x08002975   Thumb Code   112  rt_task.o(i.rt_tsk_prio)
    rt_tsk_self                              0x080029f5   Thumb Code    12  rt_task.o(i.rt_tsk_self)
    setMotorPWM                              0x08002a05   Thumb Code    80  main.o(i.setMotorPWM)
    stopMotors                               0x08002a65   Thumb Code    16  main.o(i.stopMotors)
    svcDelay                                 0x08002a81   Thumb Code    18  rt_cmsis.o(i.svcDelay)
    svcKernelInitialize                      0x08002a95   Thumb Code    86  rt_cmsis.o(i.svcKernelInitialize)
    svcKernelStart                           0x08002b0d   Thumb Code    66  rt_cmsis.o(i.svcKernelStart)
    svcMailCreate                            0x08002b59   Thumb Code    78  rt_cmsis.o(i.svcMailCreate)
    svcMessageCreate                         0x08002ba7   Thumb Code    42  rt_cmsis.o(i.svcMessageCreate)
    svcMessageGet                            0x08002bd1   Thumb Code    60  rt_cmsis.o(i.svcMessageGet)
    svcMessagePut                            0x08002c0d   Thumb Code    56  rt_cmsis.o(i.svcMessagePut)
    svcSignalSet                             0x08002c45   Thumb Code    38  rt_cmsis.o(i.svcSignalSet)
    svcSignalWait                            0x08002c6d   Thumb Code    82  rt_cmsis.o(i.svcSignalWait)
    svcThreadCreate                          0x08002cc9   Thumb Code   102  rt_cmsis.o(i.svcThreadCreate)
    svcThreadGetId                           0x08002d3d   Thumb Code    22  rt_cmsis.o(i.svcThreadGetId)
    svcThreadTerminate                       0x08002d59   Thumb Code    56  rt_cmsis.o(i.svcThreadTerminate)
    svcTimerCall                             0x08002d95   Thumb Code    28  rt_cmsis.o(i.svcTimerCall)
    svcTimerCreate                           0x08002db1   Thumb Code    60  rt_cmsis.o(i.svcTimerCreate)
    svcTimerStart                            0x08002df1   Thumb Code   104  rt_cmsis.o(i.svcTimerStart)
    svcTimerStop                             0x08002e5d   Thumb Code    38  rt_cmsis.o(i.svcTimerStop)
    sysMailAlloc                             0x08002e85   Thumb Code    94  rt_cmsis.o(i.sysMailAlloc)
    sysMailFree                              0x08002ee9   Thumb Code   106  rt_cmsis.o(i.sysMailFree)
    sysTimerTick                             0x08002f55   Thumb Code    78  rt_cmsis.o(i.sysTimerTick)
    __aeabi_fadd                             0x08002fad   Thumb Code     0  faddsub.o(x$fpl$fadd)
    _fadd                                    0x08002fad   Thumb Code   134  faddsub.o(x$fpl$fadd)
    __aeabi_cfcmple                          0x08003039   Thumb Code     0  flef.o(x$fpl$fleqf)
    _fcmple                                  0x08003039   Thumb Code    78  flef.o(x$fpl$fleqf)
    __aeabi_fmul                             0x0800308d   Thumb Code     0  fmul.o(x$fpl$fmul)
    _fmul                                    0x0800308d   Thumb Code   172  fmul.o(x$fpl$fmul)
    __aeabi_cfrcmple                         0x0800313d   Thumb Code     0  frlef.o(x$fpl$frleqf)
    _frcmple                                 0x0800313d   Thumb Code    84  frlef.o(x$fpl$frleqf)
    __aeabi_fsub                             0x08003195   Thumb Code     0  faddsub.o(x$fpl$fsub)
    _fsub                                    0x08003195   Thumb Code   204  faddsub.o(x$fpl$fsub)
    __I$use$fp                               0x08003264   Number         0  usenofp.o(x$fpl$usenofp)
    os_timer_def_adc                         0x08003264   Data           8  main.o(.constdata)
    os_thread_def_mode                       0x0800326c   Data          16  main.o(.constdata)
    os_thread_def_cal                        0x0800327c   Data          16  main.o(.constdata)
    os_thread_def_filter                     0x0800328c   Data          16  main.o(.constdata)
    os_thread_def_centroid                   0x0800329c   Data          16  main.o(.constdata)
    os_thread_def_pid                        0x080032ac   Data          16  main.o(.constdata)
    os_mailQ_def_filter_mailQ                0x080032bc   Data          12  main.o(.constdata)
    os_mailQ_def_centroid_mailQ              0x080032c8   Data          12  main.o(.constdata)
    os_maxtaskrun                            0x080032d4   Data           2  rtx_conf_cm.o(.constdata)
    os_stackinfo                             0x080032d8   Data           4  rtx_conf_cm.o(.constdata)
    os_rrobin                                0x080032dc   Data           4  rtx_conf_cm.o(.constdata)
    os_trv                                   0x080032e0   Data           4  rtx_conf_cm.o(.constdata)
    os_flags                                 0x080032e4   Data           1  rtx_conf_cm.o(.constdata)
    CMSIS_RTOS_API_Version                   0x080032e8   Data           4  rtx_conf_cm.o(.constdata)
    CMSIS_RTOS_RTX_Version                   0x080032ec   Data           4  rtx_conf_cm.o(.constdata)
    os_clockrate                             0x080032f0   Data           4  rtx_conf_cm.o(.constdata)
    os_timernum                              0x080032f4   Data           4  rtx_conf_cm.o(.constdata)
    mp_tcb_size                              0x080032f8   Data           2  rtx_conf_cm.o(.constdata)
    mp_stk_size                              0x080032fc   Data           4  rtx_conf_cm.o(.constdata)
    os_stack_sz                              0x08003300   Data           4  rtx_conf_cm.o(.constdata)
    os_fifo_size                             0x08003304   Data           1  rtx_conf_cm.o(.constdata)
    os_thread_def_osTimerThread              0x08003308   Data          16  rtx_conf_cm.o(.constdata)
    os_messageQ_def_osTimerMessageQ          0x08003318   Data           8  rtx_conf_cm.o(.constdata)
    mp_tmr_size                              0x08003320   Data           2  rtx_conf_cm.o(.constdata)
    os_thread_def_main                       0x08003324   Data          16  rtx_conf_cm.o(.constdata)
    Region$$Table$$Base                      0x08003374   Number         0  anon$$obj.o(Region$$Table)
    Region$$Table$$Limit                     0x08003394   Number         0  anon$$obj.o(Region$$Table)
    os_mailQ_p_filter_mailQ                  0x20000000   Data           8  main.o(.data)
    os_mailQ_p_centroid_mailQ                0x20000008   Data           8  main.o(.data)
    main_thread                              0x20000010   Data           4  main.o(.data)
    mode_thread                              0x20000014   Data           4  main.o(.data)
    filter_thread                            0x20000018   Data           4  main.o(.data)
    centroid_thread                          0x2000001c   Data           4  main.o(.data)
    pid_thread                               0x20000020   Data           4  main.o(.data)
    cal_thread                               0x20000024   Data           4  main.o(.data)
    filter_mailQ                             0x20000028   Data           4  main.o(.data)
    centroid_mailQ                           0x2000002c   Data           4  main.o(.data)
    adc_timer                                0x20000030   Data           4  main.o(.data)
    LowPass_coefficients                     0x20000034   Data          40  lowpass.o(.data)
    m_tmr                                    0x2000005c   Data           4  rtx_conf_cm.o(.data)
    osThreadId_osTimerThread                 0x20000060   Data           4  rtx_conf_cm.o(.data)
    osMessageQId_osTimerMessageQ             0x20000064   Data           4  rtx_conf_cm.o(.data)
    os_initialized                           0x2000006c   Data           1  rt_cmsis.o(.data)
    os_running                               0x2000006d   Data           1  rt_cmsis.o(.data)
    os_timer_head                            0x20000070   Data           4  rt_cmsis.o(.data)
    os_tsk                                   0x20000074   Data           8  rt_task.o(.data)
    os_tick_irqn                             0x20000080   Data           4  rt_system.o(.data)
    os_time                                  0x20000084   Data           4  rt_time.o(.data)
    os_robin                                 0x20000088   Data           8  rt_robin.o(.data)
    os_mailQ_q_filter_mailQ                  0x20000090   Data          24  main.o(.bss)
    os_mailQ_q_centroid_mailQ                0x200000a8   Data          24  main.o(.bss)
    max_array                                0x200000c0   Data          24  main.o(.bss)
    min_array                                0x200000d8   Data          24  main.o(.bss)
    low_pass                                 0x200000f0   Data          24  main.o(.bss)
    os_mailQ_m_filter_mailQ                  0x20000108   Data          60  main.o(.bss)
    os_mailQ_m_centroid_mailQ                0x20000144   Data          20  main.o(.bss)
    os_timer_cb_adc                          0x20000158   Data          24  main.o(.bss)
    ADC_array                                0x20000170   Data          12  snippets.o(.bss)
    os_messageQ_q_osTimerMessageQ            0x2000017c   Data          20  rtx_conf_cm.o(.bss)
    mp_tcb                                   0x20000190   Data         376  rtx_conf_cm.o(.bss)
    mp_stk                                   0x20000308   Data         192  rtx_conf_cm.o(.bss)
    os_stack_mem                             0x200003c8   Data         840  rtx_conf_cm.o(.bss)
    os_fifo                                  0x20000710   Data         132  rtx_conf_cm.o(.bss)
    os_active_TCB                            0x20000794   Data          28  rtx_conf_cm.o(.bss)
    os_idle_TCB                              0x20000ad0   Data          52  rt_task.o(.bss)
    os_rdy                                   0x20000b04   Data          24  rt_list.o(.bss)
    os_dly                                   0x20000b1c   Data          24  rt_list.o(.bss)
    __libspace_start                         0x20000b34   Data          96  libspace.o(.bss)
    __temporary_stack_top$libspace           0x20000b94   Data           0  libspace.o(.bss)



==============================================================================

Memory Map of the image

  Image Entry point : 0x080002e5

  Load Region LR_1 (Base: 0x08000000, Size: 0x00003424, Max: 0xffffffff, ABSOLUTE)

    Execution Region ER_RO (Base: 0x08000000, Size: 0x00003394, Max: 0xffffffff, ABSOLUTE)

    Base Addr    Size         Type   Attr      Idx    E Section Name        Object

    0x08000000   0x000000b0   Data   RO          403    RESET               startup_stm32f030x6.o
    0x080000b0   0x00000008   Code   RO         1764  * !!!main             c_p.l(__main.o)
    0x080000b8   0x0000003c   Code   RO         2007    !!!scatter          c_p.l(__scatter.o)
    0x080000f4   0x0000001a   Code   RO         2009    !!handler_copy      c_p.l(__scatter_copy.o)
    0x0800010e   0x00000002   PAD
    0x08000110   0x0000001c   Code   RO         2011    !!handler_zi        c_p.l(__scatter_zi.o)
    0x0800012c   0x00000002   Code   RO         1956    .ARM.Collect$$libinit$$00000000  c_p.l(libinit.o)
    0x0800012e   0x00000000   Code   RO         1830    .ARM.Collect$$libinit$$00000002  c_p.l(libinit2.o)
    0x0800012e   0x00000000   Code   RO         1832    .ARM.Collect$$libinit$$00000004  c_p.l(libinit2.o)
    0x0800012e   0x00000008   Code   RO         1833    .ARM.Collect$$libinit$$00000005  c_p.l(libinit2.o)
    0x08000136   0x00000000   Code   RO         1835    .ARM.Collect$$libinit$$0000000A  c_p.l(libinit2.o)
    0x08000136   0x00000000   Code   RO         1837    .ARM.Collect$$libinit$$0000000C  c_p.l(libinit2.o)
    0x08000136   0x00000000   Code   RO         1839    .ARM.Collect$$libinit$$0000000E  c_p.l(libinit2.o)
    0x08000136   0x00000000   Code   RO         1842    .ARM.Collect$$libinit$$00000011  c_p.l(libinit2.o)
    0x08000136   0x00000000   Code   RO         1844    .ARM.Collect$$libinit$$00000013  c_p.l(libinit2.o)
    0x08000136   0x00000000   Code   RO         1846    .ARM.Collect$$libinit$$00000015  c_p.l(libinit2.o)
    0x08000136   0x00000000   Code   RO         1848    .ARM.Collect$$libinit$$00000017  c_p.l(libinit2.o)
    0x08000136   0x00000000   Code   RO         1850    .ARM.Collect$$libinit$$00000019  c_p.l(libinit2.o)
    0x08000136   0x00000000   Code   RO         1852    .ARM.Collect$$libinit$$0000001B  c_p.l(libinit2.o)
    0x08000136   0x00000000   Code   RO         1854    .ARM.Collect$$libinit$$0000001D  c_p.l(libinit2.o)
    0x08000136   0x00000000   Code   RO         1856    .ARM.Collect$$libinit$$0000001F  c_p.l(libinit2.o)
    0x08000136   0x00000000   Code   RO         1858    .ARM.Collect$$libinit$$00000021  c_p.l(libinit2.o)
    0x08000136   0x00000000   Code   RO         1860    .ARM.Collect$$libinit$$00000023  c_p.l(libinit2.o)
    0x08000136   0x00000000   Code   RO         1862    .ARM.Collect$$libinit$$00000025  c_p.l(libinit2.o)
    0x08000136   0x00000000   Code   RO         1866    .ARM.Collect$$libinit$$0000002C  c_p.l(libinit2.o)
    0x08000136   0x00000000   Code   RO         1868    .ARM.Collect$$libinit$$0000002E  c_p.l(libinit2.o)
    0x08000136   0x00000000   Code   RO         1870    .ARM.Collect$$libinit$$00000030  c_p.l(libinit2.o)
    0x08000136   0x00000000   Code   RO         1872    .ARM.Collect$$libinit$$00000032  c_p.l(libinit2.o)
    0x08000136   0x00000002   Code   RO         1873    .ARM.Collect$$libinit$$00000033  c_p.l(libinit2.o)
    0x08000138   0x00000002   Code   RO         1957    .ARM.Collect$$libshutdown$$00000000  c_p.l(libshutdown.o)
    0x0800013a   0x00000000   Code   RO         1972    .ARM.Collect$$libshutdown$$00000002  c_p.l(libshutdown2.o)
    0x0800013a   0x00000000   Code   RO         1974    .ARM.Collect$$libshutdown$$00000004  c_p.l(libshutdown2.o)
    0x0800013a   0x00000000   Code   RO         1977    .ARM.Collect$$libshutdown$$00000007  c_p.l(libshutdown2.o)
    0x0800013a   0x00000000   Code   RO         1980    .ARM.Collect$$libshutdown$$0000000A  c_p.l(libshutdown2.o)
    0x0800013a   0x00000000   Code   RO         1982    .ARM.Collect$$libshutdown$$0000000C  c_p.l(libshutdown2.o)
    0x0800013a   0x00000000   Code   RO         1985    .ARM.Collect$$libshutdown$$0000000F  c_p.l(libshutdown2.o)
    0x0800013a   0x00000002   Code   RO         1986    .ARM.Collect$$libshutdown$$00000010  c_p.l(libshutdown2.o)
    0x0800013c   0x00000000   Code   RO         1785    .ARM.Collect$$rtentry$$00000000  c_p.l(__rtentry.o)
    0x0800013c   0x00000000   Code   RO         1880    .ARM.Collect$$rtentry$$00000002  c_p.l(__rtentry2.o)
    0x0800013c   0x00000006   Code   RO         1892    .ARM.Collect$$rtentry$$00000004  c_p.l(__rtentry4.o)
    0x08000142   0x00000000   Code   RO         1882    .ARM.Collect$$rtentry$$00000009  c_p.l(__rtentry2.o)
    0x08000142   0x00000004   Code   RO         1883    .ARM.Collect$$rtentry$$0000000A  c_p.l(__rtentry2.o)
    0x08000146   0x00000008   Code   RO         1884    .ARM.Collect$$rtentry$$0000000B  c_p.l(__rtentry2.o)
    0x0800014e   0x00000008   Code   RO         1886    .ARM.Collect$$rtentry$$0000000D  c_p.l(__rtentry2.o)
    0x08000156   0x00000002   Code   RO         1786    .ARM.Collect$$rtexit$$00000000  c_p.l(rtexit.o)
    0x08000158   0x00000000   Code   RO         1895    .ARM.Collect$$rtexit$$00000002  c_p.l(rtexit2.o)
    0x08000158   0x00000004   Code   RO         1896    .ARM.Collect$$rtexit$$00000003  c_p.l(rtexit2.o)
    0x0800015c   0x00000006   Code   RO         1897    .ARM.Collect$$rtexit$$00000004  c_p.l(rtexit2.o)
    0x08000162   0x00000002   PAD
    0x08000164   0x0000001c   Code   RO          317    .emb_text           rtx_conf_cm.o
    0x08000180   0x00000164   Code   RO         1672    .emb_text           RTX_CM0.lib(hal_cm0.o)
    0x080002e4   0x00000000   Code   RO         1905    .emb_text           c_p.l(maybetermalloc1.o)
    0x080002e4   0x00000038   Code   RO          404  * .text               startup_stm32f030x6.o
    0x0800031c   0x0000013c   Code   RO          443    .text               arm_cortexM0l_math.lib(arm_biquad_cascade_df1_f32.o)
    0x08000458   0x00000016   Code   RO          485    .text               arm_cortexM0l_math.lib(arm_biquad_cascade_df1_init_f32.o)
    0x0800046e   0x00000002   PAD
    0x08000470   0x00000008   Code   RO         1687    .text               c_p.l(libspace.o)
    0x08000478   0x0000009a   Code   RO         1698    .text               c_p.l(h1_alloc_mt.o)
    0x08000512   0x00000074   Code   RO         1700    .text               c_p.l(h1_free_mt.o)
    0x08000586   0x00000102   Code   RO         1752    .text               c_p.l(lludiv.o)
    0x08000688   0x00000010   Code   RO         1754    .text               c_p.l(exit.o)
    0x08000698   0x00000040   Code   RO         1756    .text               c_p.l(rt_memclr.o)
    0x080006d8   0x000001e8   Code   RO         1758    .text               c_p.l(aeabi_sdivfast.o)
    0x080008c0   0x00000006   Code   RO         1762    .text               c_p.l(heapauxi.o)
    0x080008c6   0x00000002   PAD
    0x080008c8   0x00000160   Code   RO         1772    .text               fz_ps.l(fdiv.o)
    0x08000a28   0x0000004c   Code   RO         1775    .text               fz_ps.l(ffixi.o)
    0x08000a74   0x0000005e   Code   RO         1777    .text               fz_ps.l(fflti.o)
    0x08000ad2   0x0000000a   Code   RO         1801    .text               c_p.l(rt_heap_descriptor_twolibspace.o)
    0x08000adc   0x00000004   Code   RO         1803    .text               c_p.l(hguard.o)
    0x08000ae0   0x00000088   Code   RO         1805    .text               c_p.l(init_alloc.o)
    0x08000b68   0x00000016   Code   RO         1811    .text               c_p.l(h1_init_mt.o)
    0x08000b7e   0x00000002   PAD
    0x08000b80   0x00000064   Code   RO         1874    .text               fz_ps.l(fcmpin.o)
    0x08000be4   0x00000036   Code   RO         1909    .text               c_p.l(h1_extend_mt.o)
    0x08000c1a   0x0000000c   Code   RO         1911    .text               c_p.l(defsig_rtmem_outer.o)
    0x08000c26   0x0000002e   Code   RO         1920    .text               fz_ps.l(cmpret.o)
    0x08000c54   0x00000010   Code   RO         1922    .text               fz_ps.l(fnan2.o)
    0x08000c64   0x0000000c   Code   RO         1926    .text               c_p.l(sys_exit.o)
    0x08000c70   0x00000002   Code   RO         1928    .text               c_p.l(use_no_semi.o)
    0x08000c72   0x00000000   Code   RO         1930    .text               c_p.l(indicate_semi.o)
    0x08000c72   0x0000003e   Code   RO         1931    .text               c_p.l(sys_stackheap_outer.o)
    0x08000cb0   0x0000000c   Code   RO         1938    .text               c_p.l(defsig_exit.o)
    0x08000cbc   0x00000050   Code   RO         1944    .text               c_p.l(defsig_rtmem_inner.o)
    0x08000d0c   0x0000005e   Code   RO         1958    .text               fz_ps.l(retnan.o)
    0x08000d6a   0x00000034   Code   RO         1967    .text               c_p.l(defsig_general.o)
    0x08000d9e   0x0000000c   Code   RO         1987    .text               c_p.l(sys_wrch.o)
    0x08000daa   0x00000002   PAD
    0x08000dac   0x00000004   Code   RO         1682    SVC_TABLE           RTX_CM0.lib(svc_table.o)
    0x08000db0   0x00000018   Code   RO            3    i.ADC1_IRQHandler   main.o
    0x08000dc8   0x00000028   Code   RO          171    i.CalibrateADC      snippets.o
    0x08000df0   0x00000028   Code   RO          172    i.ConfigureADC      snippets.o
    0x08000e18   0x00000058   Code   RO          173    i.ConfigureDMA      snippets.o
    0x08000e70   0x0000003c   Code   RO          174    i.ConfigureGPIO     snippets.o
    0x08000eac   0x00000024   Code   RO          175    i.ConfigureGPIOforADC  snippets.o
    0x08000ed0   0x000000c8   Code   RO          176    i.ConfigureTIMsPWM  snippets.o
    0x08000f98   0x00000054   Code   RO            4    i.DMA1_Channel1_IRQHandler  main.o
    0x08000fec   0x00000018   Code   RO          177    i.EnableADC         snippets.o
    0x08001004   0x00000012   Code   RO          261    i.LowPass_create    lowpass.o
    0x08001016   0x00000002   PAD
    0x08001018   0x0000001c   Code   RO          264    i.LowPass_init      lowpass.o
    0x08001034   0x00000012   Code   RO          265    i.LowPass_reset     lowpass.o
    0x08001046   0x00000002   PAD
    0x08001048   0x00000020   Code   RO          178    i.SetClockForADC    snippets.o
    0x08001068   0x00000064   Code   RO          179    i.SetSysClock       snippets.o
    0x080010cc   0x0000005c   Code   RO          411    i.SystemInit        system_stm32f0xx.o
    0x08001128   0x00000030   Code   RO         1068    i.__ARM_common_ll_muluu  RTX_CM0.lib(rt_cmsis.o)
    0x08001158   0x00000018   Code   RO          180    i.__NVIC_EnableIRQ  snippets.o
    0x08001170   0x00000044   Code   RO          181    i.__NVIC_SetPriority  snippets.o
    0x080011b4   0x00000048   Code   RO         1595    i._init_box         RTX_CM0.lib(rt_membox.o)
    0x080011fc   0x00000024   Code   RO          319    i._mutex_acquire    rtx_conf_cm.o
    0x08001220   0x0000002c   Code   RO          320    i._mutex_initialize  rtx_conf_cm.o
    0x0800124c   0x0000001c   Code   RO          321    i._mutex_release    rtx_conf_cm.o
    0x08001268   0x00000020   Code   RO            5    i.adc               main.o
    0x08001288   0x00000068   Code   RO            6    i.cal               main.o
    0x080012f0   0x00000060   Code   RO           96    i.calibrate         main.o
    0x08001350   0x00000094   Code   RO            7    i.centroid          main.o
    0x080013e4   0x0000008c   Code   RO            8    i.filter            main.o
    0x08001470   0x0000002e   Code   RO          505    i.isrMessageGet     RTX_CM0.lib(rt_cmsis.o)
    0x0800149e   0x00000030   Code   RO          506    i.isrMessagePut     RTX_CM0.lib(rt_cmsis.o)
    0x080014ce   0x00000026   Code   RO          508    i.isrSignalSet      RTX_CM0.lib(rt_cmsis.o)
    0x080014f4   0x00000024   Code   RO         1332    i.isr_evt_set       RTX_CM0.lib(rt_event.o)
    0x08001518   0x0000004c   Code   RO         1450    i.isr_mbx_receive   RTX_CM0.lib(rt_mailbox.o)
    0x08001564   0x0000000c   Code   RO         1451    i.isr_mbx_send      RTX_CM0.lib(rt_mailbox.o)
    0x08001570   0x00000090   Code   RO            9    i.main              main.o
    0x08001600   0x00000078   Code   RO           10    i.mode              main.o
    0x08001678   0x000000c8   Code   RO           90    i.openThreads       main.o
    0x08001740   0x0000001c   Code   RO          509    i.osDelay           RTX_CM0.lib(rt_cmsis.o)
    0x0800175c   0x00000028   Code   RO          510    i.osKernelInitialize  RTX_CM0.lib(rt_cmsis.o)
    0x08001784   0x0000006c   Code   RO          512    i.osKernelStart     RTX_CM0.lib(rt_cmsis.o)
    0x080017f0   0x00000020   Code   RO          514    i.osMailAlloc       RTX_CM0.lib(rt_cmsis.o)
    0x08001810   0x00000034   Code   RO          516    i.osMailCreate      RTX_CM0.lib(rt_cmsis.o)
    0x08001844   0x00000020   Code   RO          517    i.osMailFree        RTX_CM0.lib(rt_cmsis.o)
    0x08001864   0x00000018   Code   RO          518    i.osMailGet         RTX_CM0.lib(rt_cmsis.o)
    0x0800187c   0x0000001c   Code   RO          519    i.osMailPut         RTX_CM0.lib(rt_cmsis.o)
    0x08001898   0x0000001c   Code   RO          521    i.osMessageGet      RTX_CM0.lib(rt_cmsis.o)
    0x080018b4   0x0000001c   Code   RO          522    i.osMessagePut      RTX_CM0.lib(rt_cmsis.o)
    0x080018d0   0x0000001c   Code   RO          536    i.osSignalSet       RTX_CM0.lib(rt_cmsis.o)
    0x080018ec   0x0000001c   Code   RO          537    i.osSignalWait      RTX_CM0.lib(rt_cmsis.o)
    0x08001908   0x00000034   Code   RO          538    i.osThreadCreate    RTX_CM0.lib(rt_cmsis.o)
    0x0800193c   0x00000018   Code   RO          539    i.osThreadExit      RTX_CM0.lib(rt_cmsis.o)
    0x08001954   0x0000001c   Code   RO          540    i.osThreadGetId     RTX_CM0.lib(rt_cmsis.o)
    0x08001970   0x0000001c   Code   RO          543    i.osThreadTerminate  RTX_CM0.lib(rt_cmsis.o)
    0x0800198c   0x00000010   Code   RO          545    i.osTimerCall       RTX_CM0.lib(rt_cmsis.o)
    0x0800199c   0x00000034   Code   RO          546    i.osTimerCreate     RTX_CM0.lib(rt_cmsis.o)
    0x080019d0   0x0000001c   Code   RO          548    i.osTimerStart      RTX_CM0.lib(rt_cmsis.o)
    0x080019ec   0x0000001c   Code   RO          549    i.osTimerStop       RTX_CM0.lib(rt_cmsis.o)
    0x08001a08   0x0000002c   Code   RO          550    i.osTimerThread     RTX_CM0.lib(rt_cmsis.o)
    0x08001a34   0x00000002   Code   RO          322    i.os_error          rtx_conf_cm.o
    0x08001a36   0x00000004   Code   RO          323    i.os_idle_demon     rtx_conf_cm.o
    0x08001a3a   0x00000002   PAD
    0x08001a3c   0x0000002c   Code   RO         1242    i.os_tick_init      RTX_CM0.lib(rt_system.o)
    0x08001a68   0x00000002   Code   RO         1243    i.os_tick_irqack    RTX_CM0.lib(rt_system.o)
    0x08001a6a   0x00000002   PAD
    0x08001a6c   0x000000d8   Code   RO           11    i.pid               main.o
    0x08001b44   0x0000001e   Code   RO         1596    i.rt_alloc_box      RTX_CM0.lib(rt_membox.o)
    0x08001b62   0x00000042   Code   RO         1624    i.rt_alloc_mem      RTX_CM0.lib(rt_memory.o)
    0x08001ba4   0x00000038   Code   RO         1123    i.rt_block          RTX_CM0.lib(rt_task.o)
    0x08001bdc   0x00000044   Code   RO         1573    i.rt_chk_robin      RTX_CM0.lib(rt_robin.o)
    0x08001c20   0x00000074   Code   RO         1374    i.rt_dec_dly        RTX_CM0.lib(rt_list.o)
    0x08001c94   0x00000040   Code   RO         1124    i.rt_dispatch       RTX_CM0.lib(rt_task.o)
    0x08001cd4   0x0000000a   Code   RO         1540    i.rt_dly_wait       RTX_CM0.lib(rt_time.o)
    0x08001cde   0x00000002   PAD
    0x08001ce0   0x00000050   Code   RO         1335    i.rt_evt_psh        RTX_CM0.lib(rt_event.o)
    0x08001d30   0x0000005c   Code   RO         1336    i.rt_evt_set        RTX_CM0.lib(rt_event.o)
    0x08001d8c   0x00000040   Code   RO         1337    i.rt_evt_wait       RTX_CM0.lib(rt_event.o)
    0x08001dcc   0x00000026   Code   RO         1597    i.rt_free_box       RTX_CM0.lib(rt_membox.o)
    0x08001df2   0x00000030   Code   RO         1625    i.rt_free_mem       RTX_CM0.lib(rt_memory.o)
    0x08001e22   0x0000002a   Code   RO         1375    i.rt_get_first      RTX_CM0.lib(rt_list.o)
    0x08001e4c   0x00000008   Code   RO          555    i.rt_id2obj         RTX_CM0.lib(rt_cmsis.o)
    0x08001e54   0x00000048   Code   RO         1125    i.rt_init_context   RTX_CM0.lib(rt_task.o)
    0x08001e9c   0x0000001c   Code   RO         1626    i.rt_init_mem       RTX_CM0.lib(rt_memory.o)
    0x08001eb8   0x00000018   Code   RO         1574    i.rt_init_robin     RTX_CM0.lib(rt_robin.o)
    0x08001ed0   0x00000078   Code   RO         1648    i.rt_init_stack     RTX_CM0.lib(hal_cm.o)
    0x08001f48   0x00000008   Code   RO         1452    i.rt_mbx_check      RTX_CM0.lib(rt_mailbox.o)
    0x08001f50   0x00000024   Code   RO         1453    i.rt_mbx_init       RTX_CM0.lib(rt_mailbox.o)
    0x08001f74   0x000000d0   Code   RO         1454    i.rt_mbx_psh        RTX_CM0.lib(rt_mailbox.o)
    0x08002044   0x00000094   Code   RO         1455    i.rt_mbx_send       RTX_CM0.lib(rt_mailbox.o)
    0x080020d8   0x000000b0   Code   RO         1456    i.rt_mbx_wait       RTX_CM0.lib(rt_mailbox.o)
    0x08002188   0x00000044   Code   RO          556    i.rt_ms2tick        RTX_CM0.lib(rt_cmsis.o)
    0x080021cc   0x00000010   Code   RO         1208    i.rt_mut_init       RTX_CM0.lib(rt_mutex.o)
    0x080021dc   0x000000d8   Code   RO         1209    i.rt_mut_release    RTX_CM0.lib(rt_mutex.o)
    0x080022b4   0x00000080   Code   RO         1210    i.rt_mut_wait       RTX_CM0.lib(rt_mutex.o)
    0x08002334   0x00000070   Code   RO         1246    i.rt_pop_req        RTX_CM0.lib(rt_system.o)
    0x080023a4   0x00000020   Code   RO         1247    i.rt_psh_req        RTX_CM0.lib(rt_system.o)
    0x080023c4   0x00000040   Code   RO         1377    i.rt_psq_enq        RTX_CM0.lib(rt_list.o)
    0x08002404   0x00000050   Code   RO         1378    i.rt_put_dly        RTX_CM0.lib(rt_list.o)
    0x08002454   0x0000003c   Code   RO         1379    i.rt_put_prio       RTX_CM0.lib(rt_list.o)
    0x08002490   0x00000014   Code   RO         1380    i.rt_put_rdy_first  RTX_CM0.lib(rt_list.o)
    0x080024a4   0x00000030   Code   RO         1381    i.rt_resort_prio    RTX_CM0.lib(rt_list.o)
    0x080024d4   0x00000006   Code   RO         1649    i.rt_ret_val        RTX_CM0.lib(hal_cm.o)
    0x080024da   0x00000008   Code   RO         1650    i.rt_ret_val2       RTX_CM0.lib(hal_cm.o)
    0x080024e2   0x0000002a   Code   RO         1382    i.rt_rmv_dly        RTX_CM0.lib(rt_list.o)
    0x0800250c   0x00000034   Code   RO         1383    i.rt_rmv_list       RTX_CM0.lib(rt_list.o)
    0x08002540   0x00000034   Code   RO         1501    i.rt_sem_psh        RTX_CM0.lib(rt_semaphore.o)
    0x08002574   0x00000028   Code   RO         1249    i.rt_stk_check      RTX_CM0.lib(rt_system.o)
    0x0800259c   0x00000010   Code   RO         1126    i.rt_switch_req     RTX_CM0.lib(rt_task.o)
    0x080025ac   0x000000c8   Code   RO         1127    i.rt_sys_init       RTX_CM0.lib(rt_task.o)
    0x08002674   0x00000064   Code   RO         1128    i.rt_sys_start      RTX_CM0.lib(rt_task.o)
    0x080026d8   0x0000003c   Code   RO         1251    i.rt_systick        RTX_CM0.lib(rt_system.o)
    0x08002714   0x00000012   Code   RO          557    i.rt_tid2ptcb       RTX_CM0.lib(rt_cmsis.o)
    0x08002726   0x00000002   PAD
    0x08002728   0x00000038   Code   RO          558    i.rt_timer_insert   RTX_CM0.lib(rt_cmsis.o)
    0x08002760   0x00000044   Code   RO          559    i.rt_timer_remove   RTX_CM0.lib(rt_cmsis.o)
    0x080027a4   0x00000078   Code   RO         1129    i.rt_tsk_create     RTX_CM0.lib(rt_task.o)
    0x0800281c   0x00000158   Code   RO         1130    i.rt_tsk_delete     RTX_CM0.lib(rt_task.o)
    0x08002974   0x00000080   Code   RO         1132    i.rt_tsk_prio       RTX_CM0.lib(rt_task.o)
    0x080029f4   0x00000010   Code   RO         1133    i.rt_tsk_self       RTX_CM0.lib(rt_task.o)
    0x08002a04   0x00000060   Code   RO           12    i.setMotorPWM       main.o
    0x08002a64   0x0000001c   Code   RO           13    i.stopMotors        main.o
    0x08002a80   0x00000012   Code   RO          560    i.svcDelay          RTX_CM0.lib(rt_cmsis.o)
    0x08002a92   0x00000002   PAD
    0x08002a94   0x00000078   Code   RO          561    i.svcKernelInitialize  RTX_CM0.lib(rt_cmsis.o)
    0x08002b0c   0x0000004c   Code   RO          563    i.svcKernelStart    RTX_CM0.lib(rt_cmsis.o)
    0x08002b58   0x0000004e   Code   RO          565    i.svcMailCreate     RTX_CM0.lib(rt_cmsis.o)
    0x08002ba6   0x0000002a   Code   RO          566    i.svcMessageCreate  RTX_CM0.lib(rt_cmsis.o)
    0x08002bd0   0x0000003c   Code   RO          567    i.svcMessageGet     RTX_CM0.lib(rt_cmsis.o)
    0x08002c0c   0x00000038   Code   RO          568    i.svcMessagePut     RTX_CM0.lib(rt_cmsis.o)
    0x08002c44   0x00000026   Code   RO          579    i.svcSignalSet      RTX_CM0.lib(rt_cmsis.o)
    0x08002c6a   0x00000002   PAD
    0x08002c6c   0x0000005c   Code   RO          580    i.svcSignalWait     RTX_CM0.lib(rt_cmsis.o)
    0x08002cc8   0x00000074   Code   RO          581    i.svcThreadCreate   RTX_CM0.lib(rt_cmsis.o)
    0x08002d3c   0x0000001c   Code   RO          582    i.svcThreadGetId    RTX_CM0.lib(rt_cmsis.o)
    0x08002d58   0x0000003c   Code   RO          585    i.svcThreadTerminate  RTX_CM0.lib(rt_cmsis.o)
    0x08002d94   0x0000001c   Code   RO          587    i.svcTimerCall      RTX_CM0.lib(rt_cmsis.o)
    0x08002db0   0x00000040   Code   RO          588    i.svcTimerCreate    RTX_CM0.lib(rt_cmsis.o)
    0x08002df0   0x0000006c   Code   RO          590    i.svcTimerStart     RTX_CM0.lib(rt_cmsis.o)
    0x08002e5c   0x00000026   Code   RO          591    i.svcTimerStop      RTX_CM0.lib(rt_cmsis.o)
    0x08002e82   0x00000002   PAD
    0x08002e84   0x00000064   Code   RO          592    i.sysMailAlloc      RTX_CM0.lib(rt_cmsis.o)
    0x08002ee8   0x0000006a   Code   RO          593    i.sysMailFree       RTX_CM0.lib(rt_cmsis.o)
    0x08002f52   0x00000002   PAD
    0x08002f54   0x00000058   Code   RO          596    i.sysTimerTick      RTX_CM0.lib(rt_cmsis.o)
    0x08002fac   0x0000008c   Code   RO         1766    x$fpl$fadd          fz_ps.l(faddsub.o)
    0x08003038   0x00000054   Code   RO         1779    x$fpl$fleqf         fz_ps.l(flef.o)
    0x0800308c   0x000000b0   Code   RO         1781    x$fpl$fmul          fz_ps.l(fmul.o)
    0x0800313c   0x00000058   Code   RO         1783    x$fpl$frleqf        fz_ps.l(frlef.o)
    0x08003194   0x000000d0   Code   RO         1768    x$fpl$fsub          fz_ps.l(faddsub.o)
    0x08003264   0x00000000   Code   RO         1876    x$fpl$usenofp       fz_ps.l(usenofp.o)
    0x08003264   0x00000070   Data   RO           20    .constdata          main.o
    0x080032d4   0x00000002   Data   RO          331    .constdata          rtx_conf_cm.o
    0x080032d6   0x00000002   PAD
    0x080032d8   0x00000004   Data   RO          332    .constdata          rtx_conf_cm.o
    0x080032dc   0x00000004   Data   RO          333    .constdata          rtx_conf_cm.o
    0x080032e0   0x00000004   Data   RO          337    .constdata          rtx_conf_cm.o
    0x080032e4   0x00000001   Data   RO          338    .constdata          rtx_conf_cm.o
    0x080032e5   0x00000003   PAD
    0x080032e8   0x00000010   Data   RO          339    .constdata          rtx_conf_cm.o
    0x080032f8   0x00000002   Data   RO          340    .constdata          rtx_conf_cm.o
    0x080032fa   0x00000002   PAD
    0x080032fc   0x00000004   Data   RO          341    .constdata          rtx_conf_cm.o
    0x08003300   0x00000004   Data   RO          342    .constdata          rtx_conf_cm.o
    0x08003304   0x00000001   Data   RO          343    .constdata          rtx_conf_cm.o
    0x08003305   0x00000003   PAD
    0x08003308   0x00000010   Data   RO          344    .constdata          rtx_conf_cm.o
    0x08003318   0x00000008   Data   RO          345    .constdata          rtx_conf_cm.o
    0x08003320   0x00000002   Data   RO          346    .constdata          rtx_conf_cm.o
    0x08003322   0x00000002   PAD
    0x08003324   0x00000010   Data   RO          347    .constdata          rtx_conf_cm.o
    0x08003334   0x00000040   Data   RO         1773    .constdata          fz_ps.l(fdiv.o)
    0x08003374   0x00000020   Data   RO         2005    Region$$Table       anon$$obj.o


    Execution Region ER_RW (Base: 0x20000000, Size: 0x00000090, Max: 0xffffffff, ABSOLUTE)

    Base Addr    Size         Type   Attr      Idx    E Section Name        Object

    0x20000000   0x00000008   Data   RW           21    .data               main.o
    0x20000008   0x00000008   Data   RW           22    .data               main.o
    0x20000010   0x00000024   Data   RW           23    .data               main.o
    0x20000034   0x00000028   Data   RW          266    .data               lowpass.o
    0x2000005c   0x00000004   Data   RW          349    .data               rtx_conf_cm.o
    0x20000060   0x00000004   Data   RW          350    .data               rtx_conf_cm.o
    0x20000064   0x00000004   Data   RW          351    .data               rtx_conf_cm.o
    0x20000068   0x00000004   Data   RW          352    .data               rtx_conf_cm.o
    0x2000006c   0x00000008   Data   RW          599    .data               RTX_CM0.lib(rt_cmsis.o)
    0x20000074   0x00000008   Data   RW         1135    .data               RTX_CM0.lib(rt_task.o)
    0x2000007c   0x00000008   Data   RW         1254    .data               RTX_CM0.lib(rt_system.o)
    0x20000084   0x00000004   Data   RW         1544    .data               RTX_CM0.lib(rt_time.o)
    0x20000088   0x00000008   Data   RW         1575    .data               RTX_CM0.lib(rt_robin.o)


    Execution Region ER_ZI (Base: 0x20000090, Size: 0x00000e08, Max: 0xffffffff, ABSOLUTE)

    Base Addr    Size         Type   Attr      Idx    E Section Name        Object

    0x20000090   0x00000018   Zero   RW           14    .bss                main.o
    0x200000a8   0x00000018   Zero   RW           15    .bss                main.o
    0x200000c0   0x00000048   Zero   RW           16    .bss                main.o
    0x20000108   0x0000003c   Zero   RW           17    .bss                main.o
    0x20000144   0x00000014   Zero   RW           18    .bss                main.o
    0x20000158   0x00000018   Zero   RW           19    .bss                main.o
    0x20000170   0x0000000c   Zero   RW          182    .bss                snippets.o
    0x2000017c   0x00000014   Zero   RW          324    .bss                rtx_conf_cm.o
    0x20000190   0x00000178   Zero   RW          325    .bss                rtx_conf_cm.o
    0x20000308   0x000000c0   Zero   RW          326    .bss                rtx_conf_cm.o
    0x200003c8   0x00000348   Zero   RW          327    .bss                rtx_conf_cm.o
    0x20000710   0x00000084   Zero   RW          328    .bss                rtx_conf_cm.o
    0x20000794   0x0000001c   Zero   RW          329    .bss                rtx_conf_cm.o
    0x200007b0   0x00000320   Zero   RW          330    .bss                rtx_conf_cm.o
    0x20000ad0   0x00000034   Zero   RW         1134    .bss                RTX_CM0.lib(rt_task.o)
    0x20000b04   0x00000030   Zero   RW         1384    .bss                RTX_CM0.lib(rt_list.o)
    0x20000b34   0x00000060   Zero   RW         1688    .bss                c_p.l(libspace.o)
    0x20000b94   0x00000004   PAD
    0x20000b98   0x00000200   Zero   RW          402    HEAP                startup_stm32f030x6.o
    0x20000d98   0x00000100   Zero   RW          401    STACK               startup_stm32f030x6.o


==============================================================================

Image component sizes


      Code (inc. data)   RO Data    RW Data    ZI Data      Debug   Object Name

        64          4          0         40          0       2557   lowpass.o
      1432        166        112         52        224     129503   main.o
       142         38         84         16       2388       9579   rtx_conf_cm.o
       712        118          0          0         12      12113   snippets.o
        56         26        176          0        768        628   startup_stm32f030x6.o
        92         14          0          0          0        465   system_stm32f0xx.o

    ----------------------------------------------------------------------
      2504        366        416        108       3392     154845   Object Totals
         0          0         32          0          0          0   (incl. Generated)
         6          0         12          0          0          0   (incl. Padding)

    ----------------------------------------------------------------------

      Code (inc. data)   RO Data    RW Data    ZI Data      Debug   Library Member Name

       134         14          0          0          0       1687   hal_cm.o
       356         40          0          0          0        840   hal_cm0.o
      2470        238          0          8          0      48546   rt_cmsis.o
       272         24          0          0          0       2554   rt_event.o
       524         34          0          0         48       8081   rt_list.o
       664         20          0          0          0       4691   rt_mailbox.o
       140          0          0          0          0       1957   rt_membox.o
       142          0          0          0          0       2315   rt_memory.o
       360         20          0          0          0       2073   rt_mutex.o
        92         22          0          8          0       1126   rt_robin.o
        52          4          0          0          0        553   rt_semaphore.o
       290         54          0          8          0       6039   rt_system.o
      1116        178          0          8         52       9253   rt_task.o
        10          0          0          4          0        672   rt_time.o
         4          4          0          0          0        208   svc_table.o
       316          4          0          0          0      20101   arm_biquad_cascade_df1_f32.o
        22          0          0          0          0       1106   arm_biquad_cascade_df1_init_f32.o
         8          0          0          0          0         68   __main.o
         0          0          0          0          0          0   __rtentry.o
        20          0          0          0          0          0   __rtentry2.o
         6          0          0          0          0          0   __rtentry4.o
        60          8          0          0          0          0   __scatter.o
        26          0          0          0          0          0   __scatter_copy.o
        28          0          0          0          0          0   __scatter_zi.o
       488          0          0          0          0         92   aeabi_sdivfast.o
        12          0          0          0          0         68   defsig_exit.o
        52          0          0          0          0         72   defsig_general.o
        80         58          0          0          0         68   defsig_rtmem_inner.o
        12          0          0          0          0         68   defsig_rtmem_outer.o
        16          0          0          0          0         68   exit.o
       154          0          0          0          0        116   h1_alloc_mt.o
        54          0          0          0          0         72   h1_extend_mt.o
       116          0          0          0          0        100   h1_free_mt.o
        22          0          0          0          0         84   h1_init_mt.o
         6          0          0          0          0        136   heapauxi.o
         4          0          0          0          0        120   hguard.o
         0          0          0          0          0          0   indicate_semi.o
       136          0          0          0          0        160   init_alloc.o
         2          0          0          0          0          0   libinit.o
        10          0          0          0          0          0   libinit2.o
         2          0          0          0          0          0   libshutdown.o
         2          0          0          0          0          0   libshutdown2.o
         8          4          0          0         96         68   libspace.o
       258          0          0          0          0         88   lludiv.o
         0          0          0          0          0          0   maybetermalloc1.o
        10          0          0          0          0         76   rt_heap_descriptor_twolibspace.o
        64          0          0          0          0        108   rt_memclr.o
         2          0          0          0          0          0   rtexit.o
        10          0          0          0          0          0   rtexit2.o
        12          4          0          0          0         60   sys_exit.o
        62          0          0          0          0         80   sys_stackheap_outer.o
        12          0          0          0          0         68   sys_wrch.o
         2          0          0          0          0         68   use_no_semi.o
        46          0          0          0          0         60   cmpret.o
       348          8          0          0          0        160   faddsub.o
       100          4          0          0          0         68   fcmpin.o
       352         10         64          0          0         92   fdiv.o
        76          0          0          0          0         68   ffixi.o
        94          0          0          0          0         92   fflti.o
        84          4          0          0          0         76   flef.o
       176          4          0          0          0         80   fmul.o
        16          6          0          0          0         68   fnan2.o
        88          4          0          0          0         76   frlef.o
        94          0          0          0          0         68   retnan.o
         0          0          0          0          0          0   usenofp.o

    ----------------------------------------------------------------------
     10220        770         64         36        200     114618   Library Totals
        26          0          0          0          4          0   (incl. Padding)

    ----------------------------------------------------------------------

      Code (inc. data)   RO Data    RW Data    ZI Data      Debug   Library Name

      6626        652          0         36        100      90595   RTX_CM0.lib
       338          4          0          0          0      21207   arm_cortexM0l_math.lib
      1756         74          0          0         96       1908   c_p.l
      1474         40         64          0          0        908   fz_ps.l

    ----------------------------------------------------------------------
     10220        770         64         36        200     114618   Library Totals

    ----------------------------------------------------------------------

==============================================================================


      Code (inc. data)   RO Data    RW Data    ZI Data      Debug   

     12724       1136        480        144       3592     262171   Grand Totals
     12724       1136        480        144       3592     262171   ELF Image Totals
     12724       1136        480        144          0          0   ROM Totals

==============================================================================

    Total RO  Size (Code + RO Data)                13204 (  12.89kB)
    Total RW  Size (RW Data + ZI Data)              3736 (   3.65kB)
    Total ROM Size (Code + RO Data + RW Data)      13348 (  13.04kB)

==============================================================================

